Archive member included to satisfy reference by file (symbol)

c:/st/stm32cubeide_1.7.0/stm32cubeide/plugins/com.st.stm32cube.ide.mcu.externaltools.gnu-tools-for-stm32.9-2020-q2-update.win32_2.0.0.202105311346/tools/bin/../lib/gcc/arm-none-eabi/9.3.1/../../../../arm-none-eabi/lib/thumb/v7e-m/nofp\libc_nano.a(lib_a-atof.o)
                              ./Core/Src/main.o (atof)
c:/st/stm32cubeide_1.7.0/stm32cubeide/plugins/com.st.stm32cube.ide.mcu.externaltools.gnu-tools-for-stm32.9-2020-q2-update.win32_2.0.0.202105311346/tools/bin/../lib/gcc/arm-none-eabi/9.3.1/../../../../arm-none-eabi/lib/thumb/v7e-m/nofp\libc_nano.a(lib_a-atoi.o)
                              ./Core/Src/main.o (atoi)
c:/st/stm32cubeide_1.7.0/stm32cubeide/plugins/com.st.stm32cube.ide.mcu.externaltools.gnu-tools-for-stm32.9-2020-q2-update.win32_2.0.0.202105311346/tools/bin/../lib/gcc/arm-none-eabi/9.3.1/../../../../arm-none-eabi/lib/thumb/v7e-m/nofp\libc_nano.a(lib_a-errno.o)
                              ./Core/Src/syscalls.o (__errno)
c:/st/stm32cubeide_1.7.0/stm32cubeide/plugins/com.st.stm32cube.ide.mcu.externaltools.gnu-tools-for-stm32.9-2020-q2-update.win32_2.0.0.202105311346/tools/bin/../lib/gcc/arm-none-eabi/9.3.1/../../../../arm-none-eabi/lib/thumb/v7e-m/nofp\libc_nano.a(lib_a-exit.o)
                              c:/st/stm32cubeide_1.7.0/stm32cubeide/plugins/com.st.stm32cube.ide.mcu.externaltools.gnu-tools-for-stm32.9-2020-q2-update.win32_2.0.0.202105311346/tools/bin/../lib/gcc/arm-none-eabi/9.3.1/../../../../arm-none-eabi/lib/thumb/v7e-m/nofp/crt0.o (exit)
c:/st/stm32cubeide_1.7.0/stm32cubeide/plugins/com.st.stm32cube.ide.mcu.externaltools.gnu-tools-for-stm32.9-2020-q2-update.win32_2.0.0.202105311346/tools/bin/../lib/gcc/arm-none-eabi/9.3.1/../../../../arm-none-eabi/lib/thumb/v7e-m/nofp\libc_nano.a(lib_a-impure.o)
                              c:/st/stm32cubeide_1.7.0/stm32cubeide/plugins/com.st.stm32cube.ide.mcu.externaltools.gnu-tools-for-stm32.9-2020-q2-update.win32_2.0.0.202105311346/tools/bin/../lib/gcc/arm-none-eabi/9.3.1/../../../../arm-none-eabi/lib/thumb/v7e-m/nofp\libc_nano.a(lib_a-exit.o) (_global_impure_ptr)
c:/st/stm32cubeide_1.7.0/stm32cubeide/plugins/com.st.stm32cube.ide.mcu.externaltools.gnu-tools-for-stm32.9-2020-q2-update.win32_2.0.0.202105311346/tools/bin/../lib/gcc/arm-none-eabi/9.3.1/../../../../arm-none-eabi/lib/thumb/v7e-m/nofp\libc_nano.a(lib_a-init.o)
                              c:/st/stm32cubeide_1.7.0/stm32cubeide/plugins/com.st.stm32cube.ide.mcu.externaltools.gnu-tools-for-stm32.9-2020-q2-update.win32_2.0.0.202105311346/tools/bin/../lib/gcc/arm-none-eabi/9.3.1/../../../../arm-none-eabi/lib/thumb/v7e-m/nofp/crt0.o (__libc_init_array)
c:/st/stm32cubeide_1.7.0/stm32cubeide/plugins/com.st.stm32cube.ide.mcu.externaltools.gnu-tools-for-stm32.9-2020-q2-update.win32_2.0.0.202105311346/tools/bin/../lib/gcc/arm-none-eabi/9.3.1/../../../../arm-none-eabi/lib/thumb/v7e-m/nofp\libc_nano.a(lib_a-malloc.o)
                              ./Core/Src/config.o (malloc)
c:/st/stm32cubeide_1.7.0/stm32cubeide/plugins/com.st.stm32cube.ide.mcu.externaltools.gnu-tools-for-stm32.9-2020-q2-update.win32_2.0.0.202105311346/tools/bin/../lib/gcc/arm-none-eabi/9.3.1/../../../../arm-none-eabi/lib/thumb/v7e-m/nofp\libc_nano.a(lib_a-memcpy-stub.o)
                              ./Core/Src/config.o (memcpy)
c:/st/stm32cubeide_1.7.0/stm32cubeide/plugins/com.st.stm32cube.ide.mcu.externaltools.gnu-tools-for-stm32.9-2020-q2-update.win32_2.0.0.202105311346/tools/bin/../lib/gcc/arm-none-eabi/9.3.1/../../../../arm-none-eabi/lib/thumb/v7e-m/nofp\libc_nano.a(lib_a-memset.o)
                              c:/st/stm32cubeide_1.7.0/stm32cubeide/plugins/com.st.stm32cube.ide.mcu.externaltools.gnu-tools-for-stm32.9-2020-q2-update.win32_2.0.0.202105311346/tools/bin/../lib/gcc/arm-none-eabi/9.3.1/../../../../arm-none-eabi/lib/thumb/v7e-m/nofp/crt0.o (memset)
c:/st/stm32cubeide_1.7.0/stm32cubeide/plugins/com.st.stm32cube.ide.mcu.externaltools.gnu-tools-for-stm32.9-2020-q2-update.win32_2.0.0.202105311346/tools/bin/../lib/gcc/arm-none-eabi/9.3.1/../../../../arm-none-eabi/lib/thumb/v7e-m/nofp\libc_nano.a(lib_a-nano-freer.o)
                              c:/st/stm32cubeide_1.7.0/stm32cubeide/plugins/com.st.stm32cube.ide.mcu.externaltools.gnu-tools-for-stm32.9-2020-q2-update.win32_2.0.0.202105311346/tools/bin/../lib/gcc/arm-none-eabi/9.3.1/../../../../arm-none-eabi/lib/thumb/v7e-m/nofp\libc_nano.a(lib_a-malloc.o) (_free_r)
c:/st/stm32cubeide_1.7.0/stm32cubeide/plugins/com.st.stm32cube.ide.mcu.externaltools.gnu-tools-for-stm32.9-2020-q2-update.win32_2.0.0.202105311346/tools/bin/../lib/gcc/arm-none-eabi/9.3.1/../../../../arm-none-eabi/lib/thumb/v7e-m/nofp\libc_nano.a(lib_a-nano-mallocr.o)
[...]
Memory Configuration

Name             Origin             Length             Attributes
RAM1             0x0000000020000000 0x0000000000008000 xrw
RAM2             0x0000000020008000 0x0000000000008000 xrw
FLASH            0x0000000008000000 0x0000000000040000 xr
*default*        0x0000000000000000 0xffffffffffffffff

Linker script and memory map

LOAD c:/st/stm32cubeide_1.7.0/stm32cubeide/plugins/com.st.stm32cube.ide.mcu.externaltools.gnu-tools-for-stm32.9-2020-q2-update.win32_2.0.0.202105311346/tools/bin/../lib/gcc/arm-none-eabi/9.3.1/thumb/v7e-m/nofp/crti.o
LOAD c:/st/stm32cubeide_1.7.0/stm32cubeide/plugins/com.st.stm32cube.ide.mcu.externaltools.gnu-tools-for-stm32.9-2020-q2-update.win32_2.0.0.202105311346/tools/bin/../lib/gcc/arm-none-eabi/9.3.1/thumb/v7e-m/nofp/crtbegin.o
LOAD c:/st/stm32cubeide_1.7.0/stm32cubeide/plugins/com.st.stm32cube.ide.mcu.externaltools.gnu-tools-for-stm32.9-2020-q2-update.win32_2.0.0.202105311346/tools/bin/../lib/gcc/arm-none-eabi/9.3.1/../../../../arm-none-eabi/lib/thumb/v7e-m/nofp/crt0.o
LOAD ./Core/Src/config.o
LOAD ./Core/Src/main.o
LOAD ./Core/Src/radio_board_if.o
LOAD ./Core/Src/ring.o
LOAD ./Core/Src/stm32wlxx_hal_msp.o
LOAD ./Core/Src/stm32wlxx_it.o
LOAD ./Core/Src/subghz.o
LOAD ./Core/Src/subghz_phy_app.o
LOAD ./Core/Src/syscalls.o
LOAD ./Core/Src/sysmem.o
LOAD ./Core/Src/system_stm32wlxx.o
LOAD ./Core/Src/uart_driver.o
LOAD ./Core/Startup/startup_stm32wle5jcix.o
LOAD ./Drivers/BSP/STM32WLxx_Nucleo/stm32wlxx_nucleo.o
LOAD ./Drivers/BSP/STM32WLxx_Nucleo/stm32wlxx_nucleo_radio.o
LOAD ./Drivers/STM32WLxx_HAL_Driver/Src/stm32wlxx_hal.o
LOAD ./Drivers/STM32WLxx_HAL_Driver/Src/stm32wlxx_hal_cortex.o
LOAD ./Drivers/STM32WLxx_HAL_Driver/Src/stm32wlxx_hal_dma.o
LOAD ./Drivers/STM32WLxx_HAL_Driver/Src/stm32wlxx_hal_dma_ex.o
LOAD ./Drivers/STM32WLxx_HAL_Driver/Src/stm32wlxx_hal_exti.o
LOAD ./Drivers/STM32WLxx_HAL_Driver/Src/stm32wlxx_hal_flash.o
LOAD ./Drivers/STM32WLxx_HAL_Driver/Src/stm32wlxx_hal_flash_ex.o
LOAD ./Drivers/STM32WLxx_HAL_Driver/Src/stm32wlxx_hal_gpio.o
LOAD ./Drivers/STM32WLxx_HAL_Driver/Src/stm32wlxx_hal_pwr.o
LOAD ./Drivers/STM32WLxx_HAL_Driver/Src/stm32wlxx_hal_pwr_ex.o
LOAD ./Drivers/STM32WLxx_HAL_Driver/Src/stm32wlxx_hal_rcc.o
LOAD ./Drivers/STM32WLxx_HAL_Driver/Src/stm32wlxx_hal_rcc_ex.o
LOAD ./Drivers/STM32WLxx_HAL_Driver/Src/stm32wlxx_hal_subghz.o
LOAD ./Drivers/STM32WLxx_HAL_Driver/Src/stm32wlxx_hal_tim.o
LOAD ./Drivers/STM32WLxx_HAL_Driver/Src/stm32wlxx_hal_tim_ex.o
LOAD ./Drivers/STM32WLxx_HAL_Driver/Src/stm32wlxx_hal_uart.o
LOAD ./Drivers/STM32WLxx_HAL_Driver/Src/stm32wlxx_hal_uart_ex.o
LOAD ./Drivers/STM32WLxx_HAL_Driver/Src/stm32wlxx_ll_gpio.o
LOAD ./Drivers/STM32WLxx_HAL_Driver/Src/stm32wlxx_ll_spi.o
LOAD ./SubGHz_Phy/stm32_radio_driver/radio.o
LOAD ./SubGHz_Phy/stm32_radio_driver/radio_driver.o
LOAD ./SubGHz_Phy/stm32_radio_driver/radio_fw.o
LOAD ./protocole/src/list.o
LOAD ./protocole/src/ll.o
LOAD ./protocole/src/packet.o
START GROUP
LOAD c:/st/stm32cubeide_1.7.0/stm32cubeide/plugins/com.st.stm32cube.ide.mcu.externaltools.gnu-tools-for-stm32.9-2020-q2-update.win32_2.0.0.202105311346/tools/bin/../lib/gcc/arm-none-eabi/9.3.1/../../../../arm-none-eabi/lib/thumb/v7e-m/nofp\libc_nano.a
LOAD c:/st/stm32cubeide_1.7.0/stm32cubeide/plugins/com.st.stm32cube.ide.mcu.externaltools.gnu-tools-for-stm32.9-2020-q2-update.win32_2.0.0.202105311346/tools/bin/../lib/gcc/arm-none-eabi/9.3.1/../../../../arm-none-eabi/lib/thumb/v7e-m/nofp\libm.a
END GROUP
START GROUP
LOAD c:/st/stm32cubeide_1.7.0/stm32cubeide/plugins/com.st.stm32cube.ide.mcu.externaltools.gnu-tools-for-stm32.9-2020-q2-update.win32_2.0.0.202105311346/tools/bin/../lib/gcc/arm-none-eabi/9.3.1/thumb/v7e-m/nofp\libgcc.a
LOAD c:/st/stm32cubeide_1.7.0/stm32cubeide/plugins/com.st.stm32cube.ide.mcu.externaltools.gnu-tools-for-stm32.9-2020-q2-update.win32_2.0.0.202105311346/tools/bin/../lib/gcc/arm-none-eabi/9.3.1/../../../../arm-none-eabi/lib/thumb/v7e-m/nofp\libc_nano.a
END GROUP
START GROUP
LOAD c:/st/stm32cubeide_1.7.0/stm32cubeide/plugins/com.st.stm32cube.ide.mcu.externaltools.gnu-tools-for-stm32.9-2020-q2-update.win32_2.0.0.202105311346/tools/bin/../lib/gcc/arm-none-eabi/9.3.1/thumb/v7e-m/nofp\libgcc.a
LOAD c:/st/stm32cubeide_1.7.0/stm32cubeide/plugins/com.st.stm32cube.ide.mcu.externaltools.gnu-tools-for-stm32.9-2020-q2-update.win32_2.0.0.202105311346/tools/bin/../lib/gcc/arm-none-eabi/9.3.1/../../../../arm-none-eabi/lib/thumb/v7e-m/nofp\libc_nano.a
LOAD c:/st/stm32cubeide_1.7.0/stm32cubeide/plugins/com.st.stm32cube.ide.mcu.externaltools.gnu-tools-for-stm32.9-2020-q2-update.win32_2.0.0.202105311346/tools/bin/../lib/gcc/arm-none-eabi/9.3.1/../../../../arm-none-eabi/lib/thumb/v7e-m/nofp\libnosys.a
END GROUP
START GROUP
LOAD c:/st/stm32cubeide_1.7.0/stm32cubeide/plugins/com.st.stm32cube.ide.mcu.externaltools.gnu-tools-for-stm32.9-2020-q2-update.win32_2.0.0.202105311346/tools/bin/../lib/gcc/arm-none-eabi/9.3.1/thumb/v7e-m/nofp\libgcc.a
LOAD c:/st/stm32cubeide_1.7.0/stm32cubeide/plugins/com.st.stm32cube.ide.mcu.externaltools.gnu-tools-for-stm32.9-2020-q2-update.win32_2.0.0.202105311346/tools/bin/../lib/gcc/arm-none-eabi/9.3.1/../../../../arm-none-eabi/lib/thumb/v7e-m/nofp\libc_nano.a
LOAD c:/st/stm32cubeide_1.7.0/stm32cubeide/plugins/com.st.stm32cube.ide.mcu.externaltools.gnu-tools-for-stm32.9-2020-q2-update.win32_2.0.0.202105311346/tools/bin/../lib/gcc/arm-none-eabi/9.3.1/../../../../arm-none-eabi/lib/thumb/v7e-m/nofp\libnosys.a
END GROUP
LOAD c:/st/stm32cubeide_1.7.0/stm32cubeide/plugins/com.st.stm32cube.ide.mcu.externaltools.gnu-tools-for-stm32.9-2020-q2-update.win32_2.0.0.202105311346/tools/bin/../lib/gcc/arm-none-eabi/9.3.1/thumb/v7e-m/nofp/crtend.o
LOAD c:/st/stm32cubeide_1.7.0/stm32cubeide/plugins/com.st.stm32cube.ide.mcu.externaltools.gnu-tools-for-stm32.9-2020-q2-update.win32_2.0.0.202105311346/tools/bin/../lib/gcc/arm-none-eabi/9.3.1/thumb/v7e-m/nofp/crtn.o
                0x0000000020008000                _estack = (ORIGIN (RAM1) + LENGTH (RAM1))
                0x0000000000000200                _Min_Heap_Size = 0x200
                0x0000000000000400                _Min_Stack_Size = 0x400

.isr_vector     0x0000000008000000      0x138
                0x0000000008000000                . = ALIGN (0x4)
 *(.isr_vector)
 .isr_vector    0x0000000008000000      0x138 ./Core/Startup/startup_stm32wle5jcix.o
                0x0000000008000000                g_pfnVectors
                0x0000000008000138                . = ALIGN (0x4)

.text           0x0000000008000140     0xdb58
                0x0000000008000140                . = ALIGN (0x4)
 *(.text)
 .text          0x0000000008000140       0x40 c:/st/stm32cubeide_1.7.0/stm32cubeide/plugins/com.st.stm32cube.ide.mcu.externaltools.gnu-tools-for-stm32.9-2020-q2-update.win32_2.0.0.202105311346/tools/bin/../lib/gcc/arm-none-eabi/9.3.1/thumb/v7e-m/nofp/crtbegin.o
 .text          0x0000000008000180       0x14 c:/st/stm32cubeide_1.7.0/stm32cubeide/plugins/com.st.stm32cube.ide.mcu.externaltools.gnu-tools-for-stm32.9-2020-q2-update.win32_2.0.0.202105311346/tools/bin/../lib/gcc/arm-none-eabi/9.3.1/../../../../arm-none-eabi/lib/thumb/v7e-m/nofp\libc_nano.a(lib_a-strcmp.o)
                0x0000000008000180                strcmp
 .text          0x0000000008000194       0x10 c:/st/stm32cubeide_1.7.0/stm32cubeide/plugins/com.st.stm32cube.ide.mcu.externaltools.gnu-tools-for-stm32.9-2020-q2-update.win32_2.0.0.202105311346/tools/bin/../lib/gcc/arm-none-eabi/9.3.1/../../../../arm-none-eabi/lib/thumb/v7e-m/nofp\libc_nano.a(lib_a-strlen.o)
                0x0000000008000194                strlen
 *fill*         0x00000000080001a4        0xc 
 .text          0x00000000080001b0       0xa0 c:/st/stm32cubeide_1.7.0/stm32cubeide/plugins/com.st.stm32cube.ide.mcu.externaltools.gnu-tools-for-stm32.9-2020-q2-update.win32_2.0.0.202105311346/tools/bin/../lib/gcc/arm-none-eabi/9.3.1/../../../../arm-none-eabi/lib/thumb/v7e-m/nofp\libc_nano.a(lib_a-memchr.o)
                0x00000000080001b0                memchr
 .text          0x0000000008000250      0x378 c:/st/stm32cubeide_1.7.0/stm32cubeide/plugins/com.st.stm32cube.ide.mcu.externaltools.gnu-tools-for-stm32.9-2020-q2-update.win32_2.0.0.202105311346/tools/bin/../lib/gcc/arm-none-eabi/9.3.1/thumb/v7e-m/nofp\libgcc.a(_arm_addsubdf3.o)
                0x0000000008000250                __aeabi_drsub
                0x0000000008000258                __aeabi_dsub
                0x0000000008000258                __subdf3
                0x000000000800025c                __aeabi_dadd
                0x000000000800025c                __adddf3
                0x00000000080004d4                __floatunsidf
                0x00000000080004d4                __aeabi_ui2d
                0x00000000080004f4                __floatsidf
                0x00000000080004f4                __aeabi_i2d
                0x0000000008000518                __aeabi_f2d
                0x0000000008000518                __extendsfdf2
                0x000000000800055c                __floatundidf
                0x000000000800055c                __aeabi_ul2d
                0x000000000800056c                __floatdidf
                0x000000000800056c                __aeabi_l2d
 .text          0x00000000080005c8      0x424 c:/st/stm32cubeide_1.7.0/stm32cubeide/plugins/com.st.stm32cube.ide.mcu.externaltools.gnu-tools-for-stm32.9-2020-q2-update.win32_2.0.0.202105311346/tools/bin/../lib/gcc/arm-none-eabi/9.3.1/thumb/v7e-m/nofp\libgcc.a(_arm_muldivdf3.o)
                0x00000000080005c8                __aeabi_dmul
                0x00000000080005c8                __muldf3
                0x000000000800081c                __divdf3
                0x000000000800081c                __aeabi_ddiv
 .text          0x00000000080009ec      0x110 c:/st/stm32cubeide_1.7.0/stm32cubeide/plugins/com.st.stm32cube.ide.mcu.externaltools.gnu-tools-for-stm32.9-2020-q2-update.win32_2.0.0.202105311346/tools/bin/../lib/gcc/arm-none-eabi/9.3.1/thumb/v7e-m/nofp\libgcc.a(_arm_cmpdf2.o)
                0x00000000080009ec                __gtdf2
                0x00000000080009ec                __gedf2
                0x00000000080009f4                __ltdf2
                0x00000000080009f4                __ledf2
                0x00000000080009fc                __nedf2
                0x00000000080009fc                __eqdf2
                0x00000000080009fc                __cmpdf2
                0x0000000008000a78                __aeabi_cdrcmple
                0x0000000008000a88                __aeabi_cdcmpeq
                0x0000000008000a88                __aeabi_cdcmple
                0x0000000008000a98                __aeabi_dcmpeq
                0x0000000008000aac                __aeabi_dcmplt
                0x0000000008000ac0                __aeabi_dcmple
                0x0000000008000ad4                __aeabi_dcmpge
                0x0000000008000ae8                __aeabi_dcmpgt
 .text          0x0000000008000afc       0x2c c:/st/stm32cubeide_1.7.0/stm32cubeide/plugins/com.st.stm32cube.ide.mcu.externaltools.gnu-tools-for-stm32.9-2020-q2-update.win32_2.0.0.202105311346/tools/bin/../lib/gcc/arm-none-eabi/9.3.1/thumb/v7e-m/nofp\libgcc.a(_arm_unorddf2.o)
                0x0000000008000afc                __unorddf2
                0x0000000008000afc                __aeabi_dcmpun
 .text          0x0000000008000b28       0x50 c:/st/stm32cubeide_1.7.0/stm32cubeide/plugins/com.st.stm32cube.ide.mcu.externaltools.gnu-tools-for-stm32.9-2020-q2-update.win32_2.0.0.202105311346/tools/bin/../lib/gcc/arm-none-eabi/9.3.1/thumb/v7e-m/nofp\libgcc.a(_arm_fixdfsi.o)
                0x0000000008000b28                __aeabi_d2iz
                0x0000000008000b28                __fixdfsi
 .text          0x0000000008000b78       0x40 c:/st/stm32cubeide_1.7.0/stm32cubeide/plugins/com.st.stm32cube.ide.mcu.externaltools.gnu-tools-for-stm32.9-2020-q2-update.win32_2.0.0.202105311346/tools/bin/../lib/gcc/arm-none-eabi/9.3.1/thumb/v7e-m/nofp\libgcc.a(_arm_fixunsdfsi.o)
                0x0000000008000b78                __aeabi_d2uiz
                0x0000000008000b78                __fixunsdfsi
 .text          0x0000000008000bb8       0xa0 c:/st/stm32cubeide_1.7.0/stm32cubeide/plugins/com.st.stm32cube.ide.mcu.externaltools.gnu-tools-for-stm32.9-2020-q2-update.win32_2.0.0.202105311346/tools/bin/../lib/gcc/arm-none-eabi/9.3.1/thumb/v7e-m/nofp\libgcc.a(_arm_truncdfsf2.o)
                0x0000000008000bb8                __truncdfsf2
                0x0000000008000bb8                __aeabi_d2f
 .text          0x0000000008000c58       0x30 c:/st/stm32cubeide_1.7.0/stm32cubeide/plugins/com.st.stm32cube.ide.mcu.externaltools.gnu-tools-for-stm32.9-2020-q2-update.win32_2.0.0.202105311346/tools/bin/../lib/gcc/arm-none-eabi/9.3.1/thumb/v7e-m/nofp\libgcc.a(_aeabi_uldivmod.o)
                0x0000000008000c58                __aeabi_uldivmod
 .text          0x0000000008000c88       0x34 c:/st/stm32cubeide_1.7.0/stm32cubeide/plugins/com.st.stm32cube.ide.mcu.externaltools.gnu-tools-for-stm32.9-2020-q2-update.win32_2.0.0.202105311346/tools/bin/../lib/gcc/arm-none-eabi/9.3.1/thumb/v7e-m/nofp\libgcc.a(_fixdfdi.o)
                0x0000000008000c88                __fixdfdi
                0x0000000008000c88                __aeabi_d2lz
 .text          0x0000000008000cbc       0x3c c:/st/stm32cubeide_1.7.0/stm32cubeide/plugins/com.st.stm32cube.ide.mcu.externaltools.gnu-tools-for-stm32.9-2020-q2-update.win32_2.0.0.202105311346/tools/bin/../lib/gcc/arm-none-eabi/9.3.1/thumb/v7e-m/nofp\libgcc.a(_fixunsdfdi.o)
                0x0000000008000cbc                __fixunsdfdi
                0x0000000008000cbc                __aeabi_d2ulz
 .text          0x0000000008000cf8      0x2c0 c:/st/stm32cubeide_1.7.0/stm32cubeide/plugins/com.st.stm32cube.ide.mcu.externaltools.gnu-tools-for-stm32.9-2020-q2-update.win32_2.0.0.202105311346/tools/bin/../lib/gcc/arm-none-eabi/9.3.1/thumb/v7e-m/nofp\libgcc.a(_udivmoddi4.o)
                0x0000000008000cf8                __udivmoddi4
 .text          0x0000000008000fb8        0x4 c:/st/stm32cubeide_1.7.0/stm32cubeide/plugins/com.st.stm32cube.ide.mcu.externaltools.gnu-tools-for-stm32.9-2020-q2-update.win32_2.0.0.202105311346/tools/bin/../lib/gcc/arm-none-eabi/9.3.1/thumb/v7e-m/nofp\libgcc.a(_dvmd_tls.o)
                0x0000000008000fb8                __aeabi_idiv0
                0x0000000008000fb8                __aeabi_ldiv0
 *(.text*)
 .text.__NVIC_EnableIRQ
                0x0000000008000fbc       0x38 ./Core/Src/main.o
 .text.__NVIC_SetPriority
                0x0000000008000ff4       0x54 ./Core/Src/main.o
 .text.LL_RCC_LSE_SetDriveCapability
                0x0000000008001048       0x2a ./Core/Src/main.o
 .text.LL_AHB2_GRP1_EnableClock
                0x0000000008001072       0x30 ./Core/Src/main.o
 *fill*         0x00000000080010a2        0x2 
 .text.main     0x00000000080010a4      0x168 ./Core/Src/main.o
                0x00000000080010a4                main
 .text.parse_commande
                0x000000000800120c      0x10c ./Core/Src/main.o
                0x000000000800120c                parse_commande
 .text.SystemClock_Config
                0x0000000008001318       0xb4 ./Core/Src/main.o
                0x0000000008001318                SystemClock_Config
 .text.MX_USART1_UART_Init
                0x00000000080013cc       0xa8 ./Core/Src/main.o
 .text.MX_GPIO_Init
                0x0000000008001474        0xe ./Core/Src/main.o
 .text.Error_Handler
                0x0000000008001482        0xa ./Core/Src/main.o
                0x0000000008001482                Error_Handler
 .text.sys_get_tick
                0x000000000800148c        0xe ./Core/Src/main.o
                0x000000000800148c                sys_get_tick
 *fill*         0x000000000800149a        0x2 
 .text.sys_random
                0x000000000800149c       0x24 ./Core/Src/main.o
                0x000000000800149c                sys_random
 .text.__io_getchar
                0x00000000080014c0       0x24 ./Core/Src/main.o
                0x00000000080014c0                __io_getchar
 .text.__io_putchar
                0x00000000080014e4       0x24 ./Core/Src/main.o
                0x00000000080014e4                __io_putchar
 .text.RBI_Init
                0x0000000008001508        0xe ./Core/Src/radio_board_if.o
                0x0000000008001508                RBI_Init
 .text.RBI_ConfigRFSwitch
                0x0000000008001516       0x1c ./Core/Src/radio_board_if.o
                0x0000000008001516                RBI_ConfigRFSwitch
 .text.RBI_GetTxConfig
                0x0000000008001532        0xe ./Core/Src/radio_board_if.o
                0x0000000008001532                RBI_GetTxConfig
 .text.RBI_IsTCXO
                0x0000000008001540        0xe ./Core/Src/radio_board_if.o
                0x0000000008001540                RBI_IsTCXO
 .text.RBI_IsDCDC
                0x000000000800154e        0xe ./Core/Src/radio_board_if.o
                0x000000000800154e                RBI_IsDCDC
 .text.ring_init
                0x000000000800155c       0x32 ./Core/Src/ring.o
                0x000000000800155c                ring_init
 .text.ring_isEmpty
                0x000000000800158e       0x24 ./Core/Src/ring.o
                0x000000000800158e                ring_isEmpty
 .text.ring_popAvailable
                0x00000000080015b2       0x34 ./Core/Src/ring.o
                0x00000000080015b2                ring_popAvailable
 .text.ring_pushOver
                0x00000000080015e6       0x6c ./Core/Src/ring.o
                0x00000000080015e6                ring_pushOver
 .text.ring_pop
                0x0000000008001652       0x4e ./Core/Src/ring.o
                0x0000000008001652                ring_pop
 .text.LL_AHB2_GRP1_EnableClock
                0x00000000080016a0       0x30 ./Core/Src/stm32wlxx_hal_msp.o
 .text.LL_APB2_GRP1_EnableClock
                0x00000000080016d0       0x30 ./Core/Src/stm32wlxx_hal_msp.o
 .text.HAL_MspInit
                0x0000000008001700        0xc ./Core/Src/stm32wlxx_hal_msp.o
                0x0000000008001700                HAL_MspInit
 .text.HAL_UART_MspInit
                0x000000000800170c       0x9c ./Core/Src/stm32wlxx_hal_msp.o
                0x000000000800170c                HAL_UART_MspInit
 .text.NMI_Handler
                0x00000000080017a8        0x6 ./Core/Src/stm32wlxx_it.o
                0x00000000080017a8                NMI_Handler
 .text.HardFault_Handler
                0x00000000080017ae        0x6 ./Core/Src/stm32wlxx_it.o
                0x00000000080017ae                HardFault_Handler
 .text.MemManage_Handler
                0x00000000080017b4        0x6 ./Core/Src/stm32wlxx_it.o
                0x00000000080017b4                MemManage_Handler
 .text.BusFault_Handler
                0x00000000080017ba        0x6 ./Core/Src/stm32wlxx_it.o
                0x00000000080017ba                BusFault_Handler
 .text.UsageFault_Handler
                0x00000000080017c0        0x6 ./Core/Src/stm32wlxx_it.o
                0x00000000080017c0                UsageFault_Handler
 .text.SVC_Handler
                0x00000000080017c6        0xc ./Core/Src/stm32wlxx_it.o
                0x00000000080017c6                SVC_Handler
 .text.DebugMon_Handler
                0x00000000080017d2        0xc ./Core/Src/stm32wlxx_it.o
                0x00000000080017d2                DebugMon_Handler
 .text.PendSV_Handler
                0x00000000080017de        0xc ./Core/Src/stm32wlxx_it.o
                0x00000000080017de                PendSV_Handler
 .text.SysTick_Handler
                0x00000000080017ea        0xc ./Core/Src/stm32wlxx_it.o
                0x00000000080017ea                SysTick_Handler
 *fill*         0x00000000080017f6        0x2 
 .text.USART1_IRQHandler
                0x00000000080017f8       0x30 ./Core/Src/stm32wlxx_it.o
                0x00000000080017f8                USART1_IRQHandler
 .text.SUBGHZ_Radio_IRQHandler
                0x0000000008001828       0x14 ./Core/Src/stm32wlxx_it.o
                0x0000000008001828                SUBGHZ_Radio_IRQHandler
 .text.LL_APB3_GRP1_EnableClock
                0x000000000800183c       0x30 ./Core/Src/subghz.o
 .text.MX_SUBGHZ_Init
                0x000000000800186c       0x24 ./Core/Src/subghz.o
                0x000000000800186c                MX_SUBGHZ_Init
 .text.HAL_SUBGHZ_MspInit
                0x0000000008001890       0x26 ./Core/Src/subghz.o
                0x0000000008001890                HAL_SUBGHZ_MspInit
 *fill*         0x00000000080018b6        0x2 
 .text.get_random
                0x00000000080018b8       0x14 ./Core/Src/subghz_phy_app.o
                0x00000000080018b8                get_random
 .text.SubghzApp_Init
                0x00000000080018cc      0x140 ./Core/Src/subghz_phy_app.o
                0x00000000080018cc                SubghzApp_Init
 .text.OnTxDone
                0x0000000008001a0c       0x18 ./Core/Src/subghz_phy_app.o
 .text.OnRxDone
                0x0000000008001a24       0x38 ./Core/Src/subghz_phy_app.o
 .text.OnTxTimeout
                0x0000000008001a5c       0x1c ./Core/Src/subghz_phy_app.o
 .text.OnRxTimeout
                0x0000000008001a78       0x1c ./Core/Src/subghz_phy_app.o
 .text.OnRxError
                0x0000000008001a94       0x1c ./Core/Src/subghz_phy_app.o
 .text._getpid  0x0000000008001ab0        0xe ./Core/Src/syscalls.o
                0x0000000008001ab0                _getpid
 .text._kill    0x0000000008001abe       0x20 ./Core/Src/syscalls.o
                0x0000000008001abe                _kill
 .text._exit    0x0000000008001ade       0x14 ./Core/Src/syscalls.o
                0x0000000008001ade                _exit
 .text._read    0x0000000008001af2       0x3a ./Core/Src/syscalls.o
                0x0000000008001af2                _read
 .text._write   0x0000000008001b2c       0x38 ./Core/Src/syscalls.o
                0x0000000008001b2c                _write
 .text._close   0x0000000008001b64       0x16 ./Core/Src/syscalls.o
                0x0000000008001b64                _close
 .text._fstat   0x0000000008001b7a       0x1e ./Core/Src/syscalls.o
                0x0000000008001b7a                _fstat
 .text._isatty  0x0000000008001b98       0x14 ./Core/Src/syscalls.o
                0x0000000008001b98                _isatty
 .text._lseek   0x0000000008001bac       0x18 ./Core/Src/syscalls.o
                0x0000000008001bac                _lseek
 .text._sbrk    0x0000000008001bc4       0x6c ./Core/Src/sysmem.o
                0x0000000008001bc4                _sbrk
 .text.SystemInit
                0x0000000008001c30        0xc ./Core/Src/system_stm32wlxx.o
                0x0000000008001c30                SystemInit
 .text.set_NL_detection
                0x0000000008001c3c       0x18 ./Core/Src/uart_driver.o
                0x0000000008001c3c                set_NL_detection
 .text.clear_NL_detection
                0x0000000008001c54       0x18 ./Core/Src/uart_driver.o
                0x0000000008001c54                clear_NL_detection
 .text.get_NL_detection
                0x0000000008001c6c       0x14 ./Core/Src/uart_driver.o
                0x0000000008001c6c                get_NL_detection
 .text.uart_driver_init
                0x0000000008001c80       0x40 ./Core/Src/uart_driver.o
                0x0000000008001c80                uart_driver_init
 .text.uart_RX_interrupt_hanlder
                0x0000000008001cc0       0x2c ./Core/Src/uart_driver.o
                0x0000000008001cc0                uart_RX_interrupt_hanlder
 .text.uart_read_line
                0x0000000008001cec       0x78 ./Core/Src/uart_driver.o
                0x0000000008001cec                uart_read_line
 .text.Reset_Handler
                0x0000000008001d64       0x50 ./Core/Startup/startup_stm32wle5jcix.o
                0x0000000008001d64                Reset_Handler
 .text.Default_Handler
                0x0000000008001db4        0x2 ./Core/Startup/startup_stm32wle5jcix.o
                0x0000000008001db4                RTC_Alarm_IRQHandler
                0x0000000008001db4                EXTI2_IRQHandler
                0x0000000008001db4                TIM1_CC_IRQHandler
                0x0000000008001db4                EXTI3_IRQHandler
                0x0000000008001db4                LPTIM2_IRQHandler
                0x0000000008001db4                I2C3_ER_IRQHandler
                0x0000000008001db4                LPTIM3_IRQHandler
                0x0000000008001db4                EXTI0_IRQHandler
                0x0000000008001db4                I2C2_EV_IRQHandler
                0x0000000008001db4                TAMP_STAMP_LSECSS_SSRU_IRQHandler
                0x0000000008001db4                SPI1_IRQHandler
                0x0000000008001db4                DMA2_Channel2_IRQHandler
                0x0000000008001db4                DMA1_Channel4_IRQHandler
                0x0000000008001db4                PKA_IRQHandler
                0x0000000008001db4                TIM17_IRQHandler
                0x0000000008001db4                DMA1_Channel7_IRQHandler
                0x0000000008001db4                SUBGHZSPI_IRQHandler
                0x0000000008001db4                DMA2_Channel1_IRQHandler
                0x0000000008001db4                I2C1_EV_IRQHandler
                0x0000000008001db4                DMAMUX1_OVR_IRQHandler
                0x0000000008001db4                DMA1_Channel6_IRQHandler
                0x0000000008001db4                TIM16_IRQHandler
                0x0000000008001db4                DMA2_Channel4_IRQHandler
                0x0000000008001db4                RCC_IRQHandler
                0x0000000008001db4                TIM1_TRG_COM_IRQHandler
                0x0000000008001db4                DMA1_Channel1_IRQHandler
                0x0000000008001db4                Default_Handler
                0x0000000008001db4                DMA2_Channel7_IRQHandler
                0x0000000008001db4                EXTI15_10_IRQHandler
                0x0000000008001db4                ADC_IRQHandler
                0x0000000008001db4                I2C3_EV_IRQHandler
                0x0000000008001db4                EXTI9_5_IRQHandler
                0x0000000008001db4                RTC_WKUP_IRQHandler
                0x0000000008001db4                PVD_PVM_IRQHandler
                0x0000000008001db4                SPI2_IRQHandler
                0x0000000008001db4                DMA2_Channel5_IRQHandler
                0x0000000008001db4                DMA1_Channel5_IRQHandler
                0x0000000008001db4                EXTI4_IRQHandler
                0x0000000008001db4                RNG_IRQHandler
                0x0000000008001db4                DMA1_Channel3_IRQHandler
                0x0000000008001db4                COMP_IRQHandler
                0x0000000008001db4                HSEM_IRQHandler
                0x0000000008001db4                TIM1_UP_IRQHandler
                0x0000000008001db4                WWDG_IRQHandler
                0x0000000008001db4                LPUART1_IRQHandler
                0x0000000008001db4                DMA2_Channel6_IRQHandler
                0x0000000008001db4                TIM2_IRQHandler
                0x0000000008001db4                TIM1_BRK_IRQHandler
                0x0000000008001db4                DAC_IRQHandler
                0x0000000008001db4                EXTI1_IRQHandler
                0x0000000008001db4                AES_IRQHandler
                0x0000000008001db4                USART2_IRQHandler
                0x0000000008001db4                I2C2_ER_IRQHandler
                0x0000000008001db4                DMA1_Channel2_IRQHandler
                0x0000000008001db4                FLASH_IRQHandler
                0x0000000008001db4                I2C1_ER_IRQHandler
                0x0000000008001db4                LPTIM1_IRQHandler
                0x0000000008001db4                DMA2_Channel3_IRQHandler
 .text.LL_AHB2_GRP1_EnableClock
                0x0000000008001db6       0x30 ./Drivers/BSP/STM32WLxx_Nucleo/stm32wlxx_nucleo_radio.o
 *fill*         0x0000000008001de6        0x2 
 .text.BSP_RADIO_Init
                0x0000000008001de8       0x7c ./Drivers/BSP/STM32WLxx_Nucleo/stm32wlxx_nucleo_radio.o
                0x0000000008001de8                BSP_RADIO_Init
 .text.BSP_RADIO_ConfigRFSwitch
                0x0000000008001e64       0xb8 ./Drivers/BSP/STM32WLxx_Nucleo/stm32wlxx_nucleo_radio.o
                0x0000000008001e64                BSP_RADIO_ConfigRFSwitch
 .text.BSP_RADIO_GetTxConfig
                0x0000000008001f1c        0xe ./Drivers/BSP/STM32WLxx_Nucleo/stm32wlxx_nucleo_radio.o
                0x0000000008001f1c                BSP_RADIO_GetTxConfig
 .text.BSP_RADIO_IsTCXO
                0x0000000008001f2a        0xe ./Drivers/BSP/STM32WLxx_Nucleo/stm32wlxx_nucleo_radio.o
                0x0000000008001f2a                BSP_RADIO_IsTCXO
 .text.BSP_RADIO_IsDCDC
                0x0000000008001f38        0xe ./Drivers/BSP/STM32WLxx_Nucleo/stm32wlxx_nucleo_radio.o
                0x0000000008001f38                BSP_RADIO_IsDCDC
 *fill*         0x0000000008001f46        0x2 
 .text.HAL_Init
                0x0000000008001f48       0x40 ./Drivers/STM32WLxx_HAL_Driver/Src/stm32wlxx_hal.o
                0x0000000008001f48                HAL_Init
 .text.HAL_InitTick
                0x0000000008001f88       0x74 ./Drivers/STM32WLxx_HAL_Driver/Src/stm32wlxx_hal.o
                0x0000000008001f88                HAL_InitTick
 .text.HAL_IncTick
                0x0000000008001ffc       0x24 ./Drivers/STM32WLxx_HAL_Driver/Src/stm32wlxx_hal.o
                0x0000000008001ffc                HAL_IncTick
 .text.HAL_GetTick
                0x0000000008002020       0x14 ./Drivers/STM32WLxx_HAL_Driver/Src/stm32wlxx_hal.o
                0x0000000008002020                HAL_GetTick
 .text.HAL_Delay
                0x0000000008002034       0x48 ./Drivers/STM32WLxx_HAL_Driver/Src/stm32wlxx_hal.o
                0x0000000008002034                HAL_Delay
 .text.__NVIC_SetPriorityGrouping
                0x000000000800207c       0x48 ./Drivers/STM32WLxx_HAL_Driver/Src/stm32wlxx_hal_cortex.o
 .text.__NVIC_GetPriorityGrouping
                0x00000000080020c4       0x1c ./Drivers/STM32WLxx_HAL_Driver/Src/stm32wlxx_hal_cortex.o
 .text.__NVIC_EnableIRQ
                0x00000000080020e0       0x38 ./Drivers/STM32WLxx_HAL_Driver/Src/stm32wlxx_hal_cortex.o
 .text.__NVIC_SetPriority
                0x0000000008002118       0x54 ./Drivers/STM32WLxx_HAL_Driver/Src/stm32wlxx_hal_cortex.o
 .text.NVIC_EncodePriority
                0x000000000800216c       0x64 ./Drivers/STM32WLxx_HAL_Driver/Src/stm32wlxx_hal_cortex.o
 .text.SysTick_Config
                0x00000000080021d0       0x44 ./Drivers/STM32WLxx_HAL_Driver/Src/stm32wlxx_hal_cortex.o
 .text.HAL_NVIC_SetPriorityGrouping
                0x0000000008002214       0x16 ./Drivers/STM32WLxx_HAL_Driver/Src/stm32wlxx_hal_cortex.o
                0x0000000008002214                HAL_NVIC_SetPriorityGrouping
 .text.HAL_NVIC_SetPriority
                0x000000000800222a       0x34 ./Drivers/STM32WLxx_HAL_Driver/Src/stm32wlxx_hal_cortex.o
                0x000000000800222a                HAL_NVIC_SetPriority
 .text.HAL_NVIC_EnableIRQ
                0x000000000800225e       0x1c ./Drivers/STM32WLxx_HAL_Driver/Src/stm32wlxx_hal_cortex.o
                0x000000000800225e                HAL_NVIC_EnableIRQ
 .text.HAL_SYSTICK_Config
                0x000000000800227a       0x18 ./Drivers/STM32WLxx_HAL_Driver/Src/stm32wlxx_hal_cortex.o
                0x000000000800227a                HAL_SYSTICK_Config
 *fill*         0x0000000008002292        0x2 
 .text.HAL_GPIO_Init
                0x0000000008002294      0x2c0 ./Drivers/STM32WLxx_HAL_Driver/Src/stm32wlxx_hal_gpio.o
                0x0000000008002294                HAL_GPIO_Init
 .text.HAL_GPIO_WritePin
                0x0000000008002554       0x2e ./Drivers/STM32WLxx_HAL_Driver/Src/stm32wlxx_hal_gpio.o
                0x0000000008002554                HAL_GPIO_WritePin
 *fill*         0x0000000008002582        0x2 
 .text.HAL_PWR_EnableBkUpAccess
                0x0000000008002584       0x1c ./Drivers/STM32WLxx_HAL_Driver/Src/stm32wlxx_hal_pwr.o
                0x0000000008002584                HAL_PWR_EnableBkUpAccess
 .text.HAL_PWREx_GetVoltageRange
                0x00000000080025a0       0x18 ./Drivers/STM32WLxx_HAL_Driver/Src/stm32wlxx_hal_pwr_ex.o
                0x00000000080025a0                HAL_PWREx_GetVoltageRange
 .text.LL_PWR_IsEnabledBkUpAccess
                0x00000000080025b8       0x24 ./Drivers/STM32WLxx_HAL_Driver/Src/stm32wlxx_hal_rcc.o
 .text.LL_RCC_HSE_EnableTcxo
                0x00000000080025dc       0x1c ./Drivers/STM32WLxx_HAL_Driver/Src/stm32wlxx_hal_rcc.o
 .text.LL_RCC_HSE_DisableTcxo
                0x00000000080025f8       0x1c ./Drivers/STM32WLxx_HAL_Driver/Src/stm32wlxx_hal_rcc.o
 .text.LL_RCC_HSE_IsEnabledDiv2
                0x0000000008002614       0x22 ./Drivers/STM32WLxx_HAL_Driver/Src/stm32wlxx_hal_rcc.o
 .text.LL_RCC_HSE_Enable
                0x0000000008002636       0x1c ./Drivers/STM32WLxx_HAL_Driver/Src/stm32wlxx_hal_rcc.o
 .text.LL_RCC_HSE_Disable
                0x0000000008002652       0x1c ./Drivers/STM32WLxx_HAL_Driver/Src/stm32wlxx_hal_rcc.o
 .text.LL_RCC_HSE_IsReady
                0x000000000800266e       0x22 ./Drivers/STM32WLxx_HAL_Driver/Src/stm32wlxx_hal_rcc.o
 .text.LL_RCC_HSI_Enable
                0x0000000008002690       0x1c ./Drivers/STM32WLxx_HAL_Driver/Src/stm32wlxx_hal_rcc.o
 .text.LL_RCC_HSI_Disable
                0x00000000080026ac       0x1c ./Drivers/STM32WLxx_HAL_Driver/Src/stm32wlxx_hal_rcc.o
 .text.LL_RCC_HSI_IsReady
                0x00000000080026c8       0x22 ./Drivers/STM32WLxx_HAL_Driver/Src/stm32wlxx_hal_rcc.o
 .text.LL_RCC_HSI_SetCalibTrimming
                0x00000000080026ea       0x28 ./Drivers/STM32WLxx_HAL_Driver/Src/stm32wlxx_hal_rcc.o
 .text.LL_RCC_LSE_IsReady
                0x0000000008002712       0x22 ./Drivers/STM32WLxx_HAL_Driver/Src/stm32wlxx_hal_rcc.o
 .text.LL_RCC_LSI_Enable
                0x0000000008002734       0x20 ./Drivers/STM32WLxx_HAL_Driver/Src/stm32wlxx_hal_rcc.o
 .text.LL_RCC_LSI_Disable
                0x0000000008002754       0x20 ./Drivers/STM32WLxx_HAL_Driver/Src/stm32wlxx_hal_rcc.o
 .text.LL_RCC_LSI_IsReady
                0x0000000008002774       0x22 ./Drivers/STM32WLxx_HAL_Driver/Src/stm32wlxx_hal_rcc.o
 .text.LL_RCC_MSI_Enable
                0x0000000008002796       0x1c ./Drivers/STM32WLxx_HAL_Driver/Src/stm32wlxx_hal_rcc.o
 .text.LL_RCC_MSI_Disable
                0x00000000080027b2       0x1c ./Drivers/STM32WLxx_HAL_Driver/Src/stm32wlxx_hal_rcc.o
 .text.LL_RCC_MSI_IsReady
                0x00000000080027ce       0x20 ./Drivers/STM32WLxx_HAL_Driver/Src/stm32wlxx_hal_rcc.o
 .text.LL_RCC_MSI_IsEnabledRangeSelect
                0x00000000080027ee       0x20 ./Drivers/STM32WLxx_HAL_Driver/Src/stm32wlxx_hal_rcc.o
 .text.LL_RCC_MSI_GetRange
                0x000000000800280e       0x16 ./Drivers/STM32WLxx_HAL_Driver/Src/stm32wlxx_hal_rcc.o
 .text.LL_RCC_MSI_GetRangeAfterStandby
                0x0000000008002824       0x18 ./Drivers/STM32WLxx_HAL_Driver/Src/stm32wlxx_hal_rcc.o
 .text.LL_RCC_MSI_SetCalibTrimming
                0x000000000800283c       0x28 ./Drivers/STM32WLxx_HAL_Driver/Src/stm32wlxx_hal_rcc.o
 .text.LL_RCC_SetSysClkSource
                0x0000000008002864       0x26 ./Drivers/STM32WLxx_HAL_Driver/Src/stm32wlxx_hal_rcc.o
 .text.LL_RCC_GetSysClkSource
                0x000000000800288a       0x16 ./Drivers/STM32WLxx_HAL_Driver/Src/stm32wlxx_hal_rcc.o
 .text.LL_RCC_SetAHBPrescaler
                0x00000000080028a0       0x26 ./Drivers/STM32WLxx_HAL_Driver/Src/stm32wlxx_hal_rcc.o
 .text.LL_RCC_SetAHB3Prescaler
                0x00000000080028c6       0x2c ./Drivers/STM32WLxx_HAL_Driver/Src/stm32wlxx_hal_rcc.o
 .text.LL_RCC_SetAPB1Prescaler
                0x00000000080028f2       0x26 ./Drivers/STM32WLxx_HAL_Driver/Src/stm32wlxx_hal_rcc.o
 .text.LL_RCC_SetAPB2Prescaler
                0x0000000008002918       0x26 ./Drivers/STM32WLxx_HAL_Driver/Src/stm32wlxx_hal_rcc.o
 .text.LL_RCC_GetAHBPrescaler
                0x000000000800293e       0x16 ./Drivers/STM32WLxx_HAL_Driver/Src/stm32wlxx_hal_rcc.o
 .text.LL_RCC_GetAHB3Prescaler
                0x0000000008002954       0x1a ./Drivers/STM32WLxx_HAL_Driver/Src/stm32wlxx_hal_rcc.o
 .text.LL_RCC_GetAPB1Prescaler
                0x000000000800296e       0x16 ./Drivers/STM32WLxx_HAL_Driver/Src/stm32wlxx_hal_rcc.o
 .text.LL_RCC_GetAPB2Prescaler
                0x0000000008002984       0x16 ./Drivers/STM32WLxx_HAL_Driver/Src/stm32wlxx_hal_rcc.o
 .text.LL_RCC_PLL_Enable
                0x000000000800299a       0x1c ./Drivers/STM32WLxx_HAL_Driver/Src/stm32wlxx_hal_rcc.o
 .text.LL_RCC_PLL_Disable
                0x00000000080029b6       0x1c ./Drivers/STM32WLxx_HAL_Driver/Src/stm32wlxx_hal_rcc.o
 .text.LL_RCC_PLL_IsReady
                0x00000000080029d2       0x22 ./Drivers/STM32WLxx_HAL_Driver/Src/stm32wlxx_hal_rcc.o
 .text.LL_RCC_PLL_GetN
                0x00000000080029f4       0x18 ./Drivers/STM32WLxx_HAL_Driver/Src/stm32wlxx_hal_rcc.o
 .text.LL_RCC_PLL_GetR
                0x0000000008002a0c       0x16 ./Drivers/STM32WLxx_HAL_Driver/Src/stm32wlxx_hal_rcc.o
 .text.LL_RCC_PLL_GetDivider
                0x0000000008002a22       0x16 ./Drivers/STM32WLxx_HAL_Driver/Src/stm32wlxx_hal_rcc.o
 .text.LL_RCC_PLL_GetMainSource
                0x0000000008002a38       0x16 ./Drivers/STM32WLxx_HAL_Driver/Src/stm32wlxx_hal_rcc.o
 .text.LL_RCC_IsActiveFlag_HPRE
                0x0000000008002a4e       0x22 ./Drivers/STM32WLxx_HAL_Driver/Src/stm32wlxx_hal_rcc.o
 .text.LL_RCC_IsActiveFlag_SHDHPRE
                0x0000000008002a70       0x24 ./Drivers/STM32WLxx_HAL_Driver/Src/stm32wlxx_hal_rcc.o
 .text.LL_RCC_IsActiveFlag_PPRE1
                0x0000000008002a94       0x22 ./Drivers/STM32WLxx_HAL_Driver/Src/stm32wlxx_hal_rcc.o
 .text.LL_RCC_IsActiveFlag_PPRE2
                0x0000000008002ab6       0x22 ./Drivers/STM32WLxx_HAL_Driver/Src/stm32wlxx_hal_rcc.o
 .text.HAL_RCC_OscConfig
                0x0000000008002ad8      0x734 ./Drivers/STM32WLxx_HAL_Driver/Src/stm32wlxx_hal_rcc.o
                0x0000000008002ad8                HAL_RCC_OscConfig
 .text.HAL_RCC_ClockConfig
                0x000000000800320c      0x248 ./Drivers/STM32WLxx_HAL_Driver/Src/stm32wlxx_hal_rcc.o
                0x000000000800320c                HAL_RCC_ClockConfig
 .text.HAL_RCC_GetSysClockFreq
                0x0000000008003454      0x140 ./Drivers/STM32WLxx_HAL_Driver/Src/stm32wlxx_hal_rcc.o
                0x0000000008003454                HAL_RCC_GetSysClockFreq
 .text.HAL_RCC_GetHCLKFreq
                0x0000000008003594       0x28 ./Drivers/STM32WLxx_HAL_Driver/Src/stm32wlxx_hal_rcc.o
                0x0000000008003594                HAL_RCC_GetHCLKFreq
 .text.HAL_RCC_GetPCLK1Freq
                0x00000000080035bc       0x24 ./Drivers/STM32WLxx_HAL_Driver/Src/stm32wlxx_hal_rcc.o
                0x00000000080035bc                HAL_RCC_GetPCLK1Freq
 .text.HAL_RCC_GetPCLK2Freq
                0x00000000080035e0       0x24 ./Drivers/STM32WLxx_HAL_Driver/Src/stm32wlxx_hal_rcc.o
                0x00000000080035e0                HAL_RCC_GetPCLK2Freq
 .text.RCC_SetFlashLatencyFromMSIRange
                0x0000000008003604       0x60 ./Drivers/STM32WLxx_HAL_Driver/Src/stm32wlxx_hal_rcc.o
 .text.RCC_SetFlashLatency
                0x0000000008003664      0x10c ./Drivers/STM32WLxx_HAL_Driver/Src/stm32wlxx_hal_rcc.o
 .text.LL_RCC_LSE_IsReady
                0x0000000008003770       0x22 ./Drivers/STM32WLxx_HAL_Driver/Src/stm32wlxx_hal_rcc_ex.o
 .text.LL_RCC_SetUSARTClockSource
                0x0000000008003792       0x30 ./Drivers/STM32WLxx_HAL_Driver/Src/stm32wlxx_hal_rcc_ex.o
 .text.LL_RCC_SetI2SClockSource
                0x00000000080037c2       0x2a ./Drivers/STM32WLxx_HAL_Driver/Src/stm32wlxx_hal_rcc_ex.o
 .text.LL_RCC_SetLPUARTClockSource
                0x00000000080037ec       0x2a ./Drivers/STM32WLxx_HAL_Driver/Src/stm32wlxx_hal_rcc_ex.o
 .text.LL_RCC_SetI2CClockSource
                0x0000000008003816       0x38 ./Drivers/STM32WLxx_HAL_Driver/Src/stm32wlxx_hal_rcc_ex.o
 .text.LL_RCC_SetLPTIMClockSource
                0x000000000800384e       0x32 ./Drivers/STM32WLxx_HAL_Driver/Src/stm32wlxx_hal_rcc_ex.o
 .text.LL_RCC_SetRNGClockSource
                0x0000000008003880       0x2a ./Drivers/STM32WLxx_HAL_Driver/Src/stm32wlxx_hal_rcc_ex.o
 .text.LL_RCC_SetADCClockSource
                0x00000000080038aa       0x2a ./Drivers/STM32WLxx_HAL_Driver/Src/stm32wlxx_hal_rcc_ex.o
 .text.LL_RCC_SetRTCClockSource
                0x00000000080038d4       0x2a ./Drivers/STM32WLxx_HAL_Driver/Src/stm32wlxx_hal_rcc_ex.o
 .text.LL_RCC_GetRTCClockSource
                0x00000000080038fe       0x18 ./Drivers/STM32WLxx_HAL_Driver/Src/stm32wlxx_hal_rcc_ex.o
 .text.LL_RCC_ForceBackupDomainReset
                0x0000000008003916       0x20 ./Drivers/STM32WLxx_HAL_Driver/Src/stm32wlxx_hal_rcc_ex.o
 .text.LL_RCC_ReleaseBackupDomainReset
                0x0000000008003936       0x20 ./Drivers/STM32WLxx_HAL_Driver/Src/stm32wlxx_hal_rcc_ex.o
 *fill*         0x0000000008003956        0x2 
 .text.HAL_RCCEx_PeriphCLKConfig
                0x0000000008003958      0x234 ./Drivers/STM32WLxx_HAL_Driver/Src/stm32wlxx_hal_rcc_ex.o
                0x0000000008003958                HAL_RCCEx_PeriphCLKConfig
 .text.LL_PWR_SetRadioBusyTrigger
                0x0000000008003b8c       0x28 ./Drivers/STM32WLxx_HAL_Driver/Src/stm32wlxx_hal_subghz.o
 .text.LL_PWR_UnselectSUBGHZSPI_NSS
                0x0000000008003bb4       0x20 ./Drivers/STM32WLxx_HAL_Driver/Src/stm32wlxx_hal_subghz.o
 .text.LL_PWR_SelectSUBGHZSPI_NSS
                0x0000000008003bd4       0x20 ./Drivers/STM32WLxx_HAL_Driver/Src/stm32wlxx_hal_subghz.o
 .text.LL_PWR_ClearFlag_RFBUSY
                0x0000000008003bf4       0x18 ./Drivers/STM32WLxx_HAL_Driver/Src/stm32wlxx_hal_subghz.o
 .text.LL_PWR_IsActiveFlag_RFBUSYS
                0x0000000008003c0c       0x24 ./Drivers/STM32WLxx_HAL_Driver/Src/stm32wlxx_hal_subghz.o
 .text.LL_PWR_IsActiveFlag_RFBUSYMS
                0x0000000008003c30       0x24 ./Drivers/STM32WLxx_HAL_Driver/Src/stm32wlxx_hal_subghz.o
 .text.LL_RCC_RF_DisableReset
                0x0000000008003c54       0x20 ./Drivers/STM32WLxx_HAL_Driver/Src/stm32wlxx_hal_subghz.o
 .text.LL_RCC_IsRFUnderReset
                0x0000000008003c74       0x24 ./Drivers/STM32WLxx_HAL_Driver/Src/stm32wlxx_hal_subghz.o
 .text.LL_EXTI_EnableIT_32_63
                0x0000000008003c98       0x28 ./Drivers/STM32WLxx_HAL_Driver/Src/stm32wlxx_hal_subghz.o
 .text.HAL_SUBGHZ_Init
                0x0000000008003cc0       0xbc ./Drivers/STM32WLxx_HAL_Driver/Src/stm32wlxx_hal_subghz.o
                0x0000000008003cc0                HAL_SUBGHZ_Init
 .text.HAL_SUBGHZ_WriteRegisters
                0x0000000008003d7c       0xbe ./Drivers/STM32WLxx_HAL_Driver/Src/stm32wlxx_hal_subghz.o
                0x0000000008003d7c                HAL_SUBGHZ_WriteRegisters
 .text.HAL_SUBGHZ_ReadRegisters
                0x0000000008003e3a       0xc2 ./Drivers/STM32WLxx_HAL_Driver/Src/stm32wlxx_hal_subghz.o
                0x0000000008003e3a                HAL_SUBGHZ_ReadRegisters
 .text.HAL_SUBGHZ_ExecSetCmd
                0x0000000008003efc       0xbe ./Drivers/STM32WLxx_HAL_Driver/Src/stm32wlxx_hal_subghz.o
                0x0000000008003efc                HAL_SUBGHZ_ExecSetCmd
 .text.HAL_SUBGHZ_ExecGetCmd
                0x0000000008003fba       0xa8 ./Drivers/STM32WLxx_HAL_Driver/Src/stm32wlxx_hal_subghz.o
                0x0000000008003fba                HAL_SUBGHZ_ExecGetCmd
 .text.HAL_SUBGHZ_WriteBuffer
                0x0000000008004062       0xa6 ./Drivers/STM32WLxx_HAL_Driver/Src/stm32wlxx_hal_subghz.o
                0x0000000008004062                HAL_SUBGHZ_WriteBuffer
 .text.HAL_SUBGHZ_ReadBuffer
                0x0000000008004108       0xb0 ./Drivers/STM32WLxx_HAL_Driver/Src/stm32wlxx_hal_subghz.o
                0x0000000008004108                HAL_SUBGHZ_ReadBuffer
 .text.HAL_SUBGHZ_IRQHandler
                0x00000000080041b8       0xfc ./Drivers/STM32WLxx_HAL_Driver/Src/stm32wlxx_hal_subghz.o
                0x00000000080041b8                HAL_SUBGHZ_IRQHandler
 .text.SUBGHZSPI_Init
                0x00000000080042b4       0x40 ./Drivers/STM32WLxx_HAL_Driver/Src/stm32wlxx_hal_subghz.o
                0x00000000080042b4                SUBGHZSPI_Init
 .text.SUBGHZSPI_Transmit
                0x00000000080042f4       0xac ./Drivers/STM32WLxx_HAL_Driver/Src/stm32wlxx_hal_subghz.o
                0x00000000080042f4                SUBGHZSPI_Transmit
 .text.SUBGHZSPI_Receive
                0x00000000080043a0       0xb0 ./Drivers/STM32WLxx_HAL_Driver/Src/stm32wlxx_hal_subghz.o
                0x00000000080043a0                SUBGHZSPI_Receive
 .text.SUBGHZ_CheckDeviceReady
                0x0000000008004450       0x48 ./Drivers/STM32WLxx_HAL_Driver/Src/stm32wlxx_hal_subghz.o
                0x0000000008004450                SUBGHZ_CheckDeviceReady
 .text.SUBGHZ_WaitOnBusy
                0x0000000008004498       0x5c ./Drivers/STM32WLxx_HAL_Driver/Src/stm32wlxx_hal_subghz.o
                0x0000000008004498                SUBGHZ_WaitOnBusy
 .text.LL_RCC_GetUSARTClockSource
                0x00000000080044f4       0x24 ./Drivers/STM32WLxx_HAL_Driver/Src/stm32wlxx_hal_uart.o
 .text.LL_RCC_GetLPUARTClockSource
                0x0000000008004518       0x1e ./Drivers/STM32WLxx_HAL_Driver/Src/stm32wlxx_hal_uart.o
 .text.HAL_UART_Init
                0x0000000008004536       0xa0 ./Drivers/STM32WLxx_HAL_Driver/Src/stm32wlxx_hal_uart.o
                0x0000000008004536                HAL_UART_Init
 .text.HAL_UART_Transmit
                0x00000000080045d6      0x12c ./Drivers/STM32WLxx_HAL_Driver/Src/stm32wlxx_hal_uart.o
                0x00000000080045d6                HAL_UART_Transmit
 .text.HAL_UART_Receive
                0x0000000008004702      0x1a6 ./Drivers/STM32WLxx_HAL_Driver/Src/stm32wlxx_hal_uart.o
                0x0000000008004702                HAL_UART_Receive
 .text.UART_SetConfig
                0x00000000080048a8      0x4a0 ./Drivers/STM32WLxx_HAL_Driver/Src/stm32wlxx_hal_uart.o
                0x00000000080048a8                UART_SetConfig
 .text.UART_AdvFeatureConfig
                0x0000000008004d48      0x142 ./Drivers/STM32WLxx_HAL_Driver/Src/stm32wlxx_hal_uart.o
                0x0000000008004d48                UART_AdvFeatureConfig
 .text.UART_CheckIdleState
                0x0000000008004e8a       0x96 ./Drivers/STM32WLxx_HAL_Driver/Src/stm32wlxx_hal_uart.o
                0x0000000008004e8a                UART_CheckIdleState
 .text.UART_WaitOnFlagUntilTimeout
                0x0000000008004f20      0x190 ./Drivers/STM32WLxx_HAL_Driver/Src/stm32wlxx_hal_uart.o
                0x0000000008004f20                UART_WaitOnFlagUntilTimeout
 .text.HAL_UARTEx_DisableFifoMode
                0x00000000080050b0       0x70 ./Drivers/STM32WLxx_HAL_Driver/Src/stm32wlxx_hal_uart_ex.o
                0x00000000080050b0                HAL_UARTEx_DisableFifoMode
 .text.HAL_UARTEx_SetTxFifoThreshold
                0x0000000008005120       0x7c ./Drivers/STM32WLxx_HAL_Driver/Src/stm32wlxx_hal_uart_ex.o
                0x0000000008005120                HAL_UARTEx_SetTxFifoThreshold
 .text.HAL_UARTEx_SetRxFifoThreshold
                0x000000000800519c       0x7c ./Drivers/STM32WLxx_HAL_Driver/Src/stm32wlxx_hal_uart_ex.o
                0x000000000800519c                HAL_UARTEx_SetRxFifoThreshold
 .text.UARTEx_SetNbDataToProcess
                0x0000000008005218       0x98 ./Drivers/STM32WLxx_HAL_Driver/Src/stm32wlxx_hal_uart_ex.o
 .text.RadioInit
                0x00000000080052b0       0x6c ./SubGHz_Phy/stm32_radio_driver/radio.o
 .text.RadioGetStatus
                0x000000000800531c       0x2e ./SubGHz_Phy/stm32_radio_driver/radio.o
 *fill*         0x000000000800534a        0x2 
 .text.RadioSetModem
                0x000000000800534c       0xa4 ./SubGHz_Phy/stm32_radio_driver/radio.o
 .text.RadioSetChannel
                0x00000000080053f0       0x16 ./SubGHz_Phy/stm32_radio_driver/radio.o
 .text.RadioIsChannelFree
                0x0000000008005406       0x82 ./SubGHz_Phy/stm32_radio_driver/radio.o
 .text.RadioRandom
                0x0000000008005488       0x2c ./SubGHz_Phy/stm32_radio_driver/radio.o
 .text.RadioSetRxConfig
                0x00000000080054b4      0x420 ./SubGHz_Phy/stm32_radio_driver/radio.o
 .text.RadioSetTxConfig
                0x00000000080058d4      0x238 ./SubGHz_Phy/stm32_radio_driver/radio.o
 .text.RadioCheckRfFrequency
                0x0000000008005b0c       0x14 ./SubGHz_Phy/stm32_radio_driver/radio.o
 .text.RadioGetLoRaBandwidthInHz
                0x0000000008005b20       0xac ./SubGHz_Phy/stm32_radio_driver/radio.o
 .text.RadioGetGfskTimeOnAirNumerator
                0x0000000008005bcc       0x54 ./SubGHz_Phy/stm32_radio_driver/radio.o
 .text.RadioGetLoRaTimeOnAirNumerator
                0x0000000008005c20      0x102 ./SubGHz_Phy/stm32_radio_driver/radio.o
 *fill*         0x0000000008005d22        0x2 
 .text.RadioTimeOnAir
                0x0000000008005d24       0xb0 ./SubGHz_Phy/stm32_radio_driver/radio.o
 .text.RadioSend
                0x0000000008005dd4      0x1d0 ./SubGHz_Phy/stm32_radio_driver/radio.o
 .text.RadioSleep
                0x0000000008005fa4       0x26 ./SubGHz_Phy/stm32_radio_driver/radio.o
 .text.RadioStandby
                0x0000000008005fca        0xe ./SubGHz_Phy/stm32_radio_driver/radio.o
 .text.RadioRx  0x0000000008005fd8       0x60 ./SubGHz_Phy/stm32_radio_driver/radio.o
 .text.RadioRxBoosted
                0x0000000008006038       0x60 ./SubGHz_Phy/stm32_radio_driver/radio.o
 .text.RadioSetRxDutyCycle
                0x0000000008006098       0x2c ./SubGHz_Phy/stm32_radio_driver/radio.o
 .text.RadioStartCad
                0x00000000080060c4       0x30 ./SubGHz_Phy/stm32_radio_driver/radio.o
 .text.RadioSetTxContinuousWave
                0x00000000080060f4       0x46 ./SubGHz_Phy/stm32_radio_driver/radio.o
 .text.RadioRssi
                0x000000000800613a       0x1a ./SubGHz_Phy/stm32_radio_driver/radio.o
 .text.RadioWrite
                0x0000000008006154       0x24 ./SubGHz_Phy/stm32_radio_driver/radio.o
 .text.RadioRead
                0x0000000008006178       0x1c ./SubGHz_Phy/stm32_radio_driver/radio.o
 .text.RadioWriteRegisters
                0x0000000008006194       0x26 ./SubGHz_Phy/stm32_radio_driver/radio.o
 .text.RadioReadRegisters
                0x00000000080061ba       0x26 ./SubGHz_Phy/stm32_radio_driver/radio.o
 .text.RadioSetMaxPayloadLength
                0x00000000080061e0       0x5c ./SubGHz_Phy/stm32_radio_driver/radio.o
 .text.RadioSetPublicNetwork
                0x000000000800623c       0x5c ./SubGHz_Phy/stm32_radio_driver/radio.o
 .text.RadioGetWakeupTime
                0x0000000008006298       0x10 ./SubGHz_Phy/stm32_radio_driver/radio.o
 .text.RadioOnDioIrq
                0x00000000080062a8       0x24 ./SubGHz_Phy/stm32_radio_driver/radio.o
 .text.RadioIrqProcess
                0x00000000080062cc      0x330 ./SubGHz_Phy/stm32_radio_driver/radio.o
 .text.RadioTxPrbs
                0x00000000080065fc       0x38 ./SubGHz_Phy/stm32_radio_driver/radio.o
 .text.RadioTxCw
                0x0000000008006634       0x2e ./SubGHz_Phy/stm32_radio_driver/radio.o
 .text.payload_integration
                0x0000000008006662      0x120 ./SubGHz_Phy/stm32_radio_driver/radio.o
 *fill*         0x0000000008006782        0x2 
 .text.RadioSetRxGenericConfig
                0x0000000008006784      0x3a0 ./SubGHz_Phy/stm32_radio_driver/radio.o
 .text.RadioSetTxGenericConfig
                0x0000000008006b24      0x334 ./SubGHz_Phy/stm32_radio_driver/radio.o
 .text.SUBGRF_Init
                0x0000000008006e58       0x84 ./SubGHz_Phy/stm32_radio_driver/radio_driver.o
                0x0000000008006e58                SUBGRF_Init
 .text.SUBGRF_GetOperatingMode
                0x0000000008006edc       0x14 ./SubGHz_Phy/stm32_radio_driver/radio_driver.o
                0x0000000008006edc                SUBGRF_GetOperatingMode
 .text.SUBGRF_SetPayload
                0x0000000008006ef0       0x20 ./SubGHz_Phy/stm32_radio_driver/radio_driver.o
                0x0000000008006ef0                SUBGRF_SetPayload
 .text.SUBGRF_GetPayload
                0x0000000008006f10       0x44 ./SubGHz_Phy/stm32_radio_driver/radio_driver.o
                0x0000000008006f10                SUBGRF_GetPayload
 .text.SUBGRF_SendPayload
                0x0000000008006f54       0x26 ./SubGHz_Phy/stm32_radio_driver/radio_driver.o
                0x0000000008006f54                SUBGRF_SendPayload
 .text.SUBGRF_SetSyncWord
                0x0000000008006f7a       0x1e ./SubGHz_Phy/stm32_radio_driver/radio_driver.o
                0x0000000008006f7a                SUBGRF_SetSyncWord
 .text.SUBGRF_SetCrcSeed
                0x0000000008006f98       0x40 ./SubGHz_Phy/stm32_radio_driver/radio_driver.o
                0x0000000008006f98                SUBGRF_SetCrcSeed
 .text.SUBGRF_SetCrcPolynomial
                0x0000000008006fd8       0x40 ./SubGHz_Phy/stm32_radio_driver/radio_driver.o
                0x0000000008006fd8                SUBGRF_SetCrcPolynomial
 .text.SUBGRF_SetWhiteningSeed
                0x0000000008007018       0x66 ./SubGHz_Phy/stm32_radio_driver/radio_driver.o
                0x0000000008007018                SUBGRF_SetWhiteningSeed
 .text.SUBGRF_GetRandom
                0x000000000800707e       0x8c ./SubGHz_Phy/stm32_radio_driver/radio_driver.o
                0x000000000800707e                SUBGRF_GetRandom
 *fill*         0x000000000800710a        0x2 
 .text.SUBGRF_SetSleep
                0x000000000800710c       0x64 ./SubGHz_Phy/stm32_radio_driver/radio_driver.o
                0x000000000800710c                SUBGRF_SetSleep
 .text.SUBGRF_SetStandby
                0x0000000008007170       0x38 ./SubGHz_Phy/stm32_radio_driver/radio_driver.o
                0x0000000008007170                SUBGRF_SetStandby
 .text.SUBGRF_SetTx
                0x00000000080071a8       0x40 ./SubGHz_Phy/stm32_radio_driver/radio_driver.o
                0x00000000080071a8                SUBGRF_SetTx
 .text.SUBGRF_SetRx
                0x00000000080071e8       0x40 ./SubGHz_Phy/stm32_radio_driver/radio_driver.o
                0x00000000080071e8                SUBGRF_SetRx
 .text.SUBGRF_SetRxBoosted
                0x0000000008007228       0x48 ./SubGHz_Phy/stm32_radio_driver/radio_driver.o
                0x0000000008007228                SUBGRF_SetRxBoosted
 .text.SUBGRF_SetRxDutyCycle
                0x0000000008007270       0x58 ./SubGHz_Phy/stm32_radio_driver/radio_driver.o
                0x0000000008007270                SUBGRF_SetRxDutyCycle
 .text.SUBGRF_SetCad
                0x00000000080072c8       0x1c ./SubGHz_Phy/stm32_radio_driver/radio_driver.o
                0x00000000080072c8                SUBGRF_SetCad
 .text.SUBGRF_SetTxContinuousWave
                0x00000000080072e4       0x12 ./SubGHz_Phy/stm32_radio_driver/radio_driver.o
                0x00000000080072e4                SUBGRF_SetTxContinuousWave
 .text.SUBGRF_SetTxInfinitePreamble
                0x00000000080072f6       0x12 ./SubGHz_Phy/stm32_radio_driver/radio_driver.o
                0x00000000080072f6                SUBGRF_SetTxInfinitePreamble
 .text.SUBGRF_SetStopRxTimerOnPreambleDetect
                0x0000000008007308       0x1e ./SubGHz_Phy/stm32_radio_driver/radio_driver.o
                0x0000000008007308                SUBGRF_SetStopRxTimerOnPreambleDetect
 .text.SUBGRF_SetLoRaSymbNumTimeout
                0x0000000008007326       0x5e ./SubGHz_Phy/stm32_radio_driver/radio_driver.o
                0x0000000008007326                SUBGRF_SetLoRaSymbNumTimeout
 .text.SUBGRF_SetRegulatorMode
                0x0000000008007384       0x2e ./SubGHz_Phy/stm32_radio_driver/radio_driver.o
                0x0000000008007384                SUBGRF_SetRegulatorMode
 .text.SUBGRF_Calibrate
                0x00000000080073b2       0x8c ./SubGHz_Phy/stm32_radio_driver/radio_driver.o
                0x00000000080073b2                SUBGRF_Calibrate
 *fill*         0x000000000800743e        0x2 
 .text.SUBGRF_CalibrateImage
                0x0000000008007440       0x8c ./SubGHz_Phy/stm32_radio_driver/radio_driver.o
                0x0000000008007440                SUBGRF_CalibrateImage
 .text.SUBGRF_SetPaConfig
                0x00000000080074cc       0x44 ./SubGHz_Phy/stm32_radio_driver/radio_driver.o
                0x00000000080074cc                SUBGRF_SetPaConfig
 .text.SUBGRF_SetDioIrqParams
                0x0000000008007510       0x74 ./SubGHz_Phy/stm32_radio_driver/radio_driver.o
                0x0000000008007510                SUBGRF_SetDioIrqParams
 .text.SUBGRF_SetTcxoMode
                0x0000000008007584       0x42 ./SubGHz_Phy/stm32_radio_driver/radio_driver.o
                0x0000000008007584                SUBGRF_SetTcxoMode
 *fill*         0x00000000080075c6        0x2 
 .text.SUBGRF_SetRfFrequency
                0x00000000080075c8       0x84 ./SubGHz_Phy/stm32_radio_driver/radio_driver.o
                0x00000000080075c8                SUBGRF_SetRfFrequency
 .text.SUBGRF_SetPacketType
                0x000000000800764c       0x38 ./SubGHz_Phy/stm32_radio_driver/radio_driver.o
                0x000000000800764c                SUBGRF_SetPacketType
 .text.SUBGRF_GetPacketType
                0x0000000008007684       0x14 ./SubGHz_Phy/stm32_radio_driver/radio_driver.o
                0x0000000008007684                SUBGRF_GetPacketType
 .text.SUBGRF_SetTxParams
                0x0000000008007698       0xcc ./SubGHz_Phy/stm32_radio_driver/radio_driver.o
                0x0000000008007698                SUBGRF_SetTxParams
 .text.SUBGRF_SetModulationParams
                0x0000000008007764      0x198 ./SubGHz_Phy/stm32_radio_driver/radio_driver.o
                0x0000000008007764                SUBGRF_SetModulationParams
 .text.SUBGRF_SetPacketParams
                0x00000000080078fc      0x13c ./SubGHz_Phy/stm32_radio_driver/radio_driver.o
                0x00000000080078fc                SUBGRF_SetPacketParams
 .text.SUBGRF_SetBufferBaseAddress
                0x0000000008007a38       0x2e ./SubGHz_Phy/stm32_radio_driver/radio_driver.o
                0x0000000008007a38                SUBGRF_SetBufferBaseAddress
 .text.SUBGRF_GetRssiInst
                0x0000000008007a66       0x2a ./SubGHz_Phy/stm32_radio_driver/radio_driver.o
                0x0000000008007a66                SUBGRF_GetRssiInst
 .text.SUBGRF_GetRxBufferStatus
                0x0000000008007a90       0x58 ./SubGHz_Phy/stm32_radio_driver/radio_driver.o
                0x0000000008007a90                SUBGRF_GetRxBufferStatus
 .text.SUBGRF_GetPacketStatus
                0x0000000008007ae8       0xa4 ./SubGHz_Phy/stm32_radio_driver/radio_driver.o
                0x0000000008007ae8                SUBGRF_GetPacketStatus
 .text.SUBGRF_WriteRegister
                0x0000000008007b8c       0x28 ./SubGHz_Phy/stm32_radio_driver/radio_driver.o
                0x0000000008007b8c                SUBGRF_WriteRegister
 .text.SUBGRF_ReadRegister
                0x0000000008007bb4       0x28 ./SubGHz_Phy/stm32_radio_driver/radio_driver.o
                0x0000000008007bb4                SUBGRF_ReadRegister
 .text.SUBGRF_WriteRegisters
                0x0000000008007bdc       0x28 ./SubGHz_Phy/stm32_radio_driver/radio_driver.o
                0x0000000008007bdc                SUBGRF_WriteRegisters
 .text.SUBGRF_ReadRegisters
                0x0000000008007c04       0x28 ./SubGHz_Phy/stm32_radio_driver/radio_driver.o
                0x0000000008007c04                SUBGRF_ReadRegisters
 .text.SUBGRF_WriteBuffer
                0x0000000008007c2c       0x2c ./SubGHz_Phy/stm32_radio_driver/radio_driver.o
                0x0000000008007c2c                SUBGRF_WriteBuffer
 .text.SUBGRF_ReadBuffer
                0x0000000008007c58       0x2c ./SubGHz_Phy/stm32_radio_driver/radio_driver.o
                0x0000000008007c58                SUBGRF_ReadBuffer
 .text.SUBGRF_WriteCommand
                0x0000000008007c84       0x28 ./SubGHz_Phy/stm32_radio_driver/radio_driver.o
 .text.SUBGRF_ReadCommand
                0x0000000008007cac       0x28 ./SubGHz_Phy/stm32_radio_driver/radio_driver.o
 .text.SUBGRF_SetSwitch
                0x0000000008007cd4       0x50 ./SubGHz_Phy/stm32_radio_driver/radio_driver.o
                0x0000000008007cd4                SUBGRF_SetSwitch
 .text.SUBGRF_SetRfTxPower
                0x0000000008007d24       0x68 ./SubGHz_Phy/stm32_radio_driver/radio_driver.o
                0x0000000008007d24                SUBGRF_SetRfTxPower
 .text.SUBGRF_GetRadioWakeUpTime
                0x0000000008007d8c        0xe ./SubGHz_Phy/stm32_radio_driver/radio_driver.o
                0x0000000008007d8c                SUBGRF_GetRadioWakeUpTime
 *fill*         0x0000000008007d9a        0x2 
 .text.HAL_SUBGHZ_TxCpltCallback
                0x0000000008007d9c       0x1c ./SubGHz_Phy/stm32_radio_driver/radio_driver.o
                0x0000000008007d9c                HAL_SUBGHZ_TxCpltCallback
 .text.HAL_SUBGHZ_RxCpltCallback
                0x0000000008007db8       0x1c ./SubGHz_Phy/stm32_radio_driver/radio_driver.o
                0x0000000008007db8                HAL_SUBGHZ_RxCpltCallback
 .text.HAL_SUBGHZ_CRCErrorCallback
                0x0000000008007dd4       0x1c ./SubGHz_Phy/stm32_radio_driver/radio_driver.o
                0x0000000008007dd4                HAL_SUBGHZ_CRCErrorCallback
 .text.HAL_SUBGHZ_CADStatusCallback
                0x0000000008007df0       0x3c ./SubGHz_Phy/stm32_radio_driver/radio_driver.o
                0x0000000008007df0                HAL_SUBGHZ_CADStatusCallback
 .text.HAL_SUBGHZ_RxTxTimeoutCallback
                0x0000000008007e2c       0x20 ./SubGHz_Phy/stm32_radio_driver/radio_driver.o
                0x0000000008007e2c                HAL_SUBGHZ_RxTxTimeoutCallback
 .text.HAL_SUBGHZ_HeaderErrorCallback
                0x0000000008007e4c       0x1c ./SubGHz_Phy/stm32_radio_driver/radio_driver.o
                0x0000000008007e4c                HAL_SUBGHZ_HeaderErrorCallback
 .text.HAL_SUBGHZ_PreambleDetectedCallback
                0x0000000008007e68       0x1c ./SubGHz_Phy/stm32_radio_driver/radio_driver.o
                0x0000000008007e68                HAL_SUBGHZ_PreambleDetectedCallback
 .text.HAL_SUBGHZ_SyncWordValidCallback
                0x0000000008007e84       0x1c ./SubGHz_Phy/stm32_radio_driver/radio_driver.o
                0x0000000008007e84                HAL_SUBGHZ_SyncWordValidCallback
 .text.HAL_SUBGHZ_HeaderValidCallback
                0x0000000008007ea0       0x1c ./SubGHz_Phy/stm32_radio_driver/radio_driver.o
                0x0000000008007ea0                HAL_SUBGHZ_HeaderValidCallback
 .text.Radio_SMPS_Set
                0x0000000008007ebc       0x42 ./SubGHz_Phy/stm32_radio_driver/radio_driver.o
 *fill*         0x0000000008007efe        0x2 
 .text.SUBGRF_GetFskBandwidthRegValue
                0x0000000008007f00       0x50 ./SubGHz_Phy/stm32_radio_driver/radio_driver.o
                0x0000000008007f00                SUBGRF_GetFskBandwidthRegValue
 .text.SUBGRF_GetCFO
                0x0000000008007f50       0xec ./SubGHz_Phy/stm32_radio_driver/radio_driver.o
                0x0000000008007f50                SUBGRF_GetCFO
 .text.RFW_TransmitLongPacket
                0x000000000800803c       0x24 ./SubGHz_Phy/stm32_radio_driver/radio_fw.o
                0x000000000800803c                RFW_TransmitLongPacket
 .text.RFW_ReceiveLongPacket
                0x0000000008008060       0x24 ./SubGHz_Phy/stm32_radio_driver/radio_fw.o
                0x0000000008008060                RFW_ReceiveLongPacket
 .text.RFW_Init
                0x0000000008008084       0x1a ./SubGHz_Phy/stm32_radio_driver/radio_fw.o
                0x0000000008008084                RFW_Init
 .text.RFW_DeInit
                0x000000000800809e        0xc ./SubGHz_Phy/stm32_radio_driver/radio_fw.o
                0x000000000800809e                RFW_DeInit
 .text.RFW_Is_Init
                0x00000000080080aa        0xe ./SubGHz_Phy/stm32_radio_driver/radio_fw.o
                0x00000000080080aa                RFW_Is_Init
 .text.RFW_Is_LongPacketModeEnabled
                0x00000000080080b8        0xe ./SubGHz_Phy/stm32_radio_driver/radio_fw.o
                0x00000000080080b8                RFW_Is_LongPacketModeEnabled
 .text.RFW_SetAntSwitch
                0x00000000080080c6       0x14 ./SubGHz_Phy/stm32_radio_driver/radio_fw.o
                0x00000000080080c6                RFW_SetAntSwitch
 .text.RFW_TransmitInit
                0x00000000080080da       0x20 ./SubGHz_Phy/stm32_radio_driver/radio_fw.o
                0x00000000080080da                RFW_TransmitInit
 .text.RFW_ReceiveInit
                0x00000000080080fa       0x10 ./SubGHz_Phy/stm32_radio_driver/radio_fw.o
                0x00000000080080fa                RFW_ReceiveInit
 .text.RFW_DeInit_TxLongPacket
                0x000000000800810a        0xc ./SubGHz_Phy/stm32_radio_driver/radio_fw.o
                0x000000000800810a                RFW_DeInit_TxLongPacket
 .text.RFW_ReceivePayload
                0x0000000008008116        0xc ./SubGHz_Phy/stm32_radio_driver/radio_fw.o
                0x0000000008008116                RFW_ReceivePayload
 .text.RFW_SetRadioModem
                0x0000000008008122       0x14 ./SubGHz_Phy/stm32_radio_driver/radio_fw.o
                0x0000000008008122                RFW_SetRadioModem
 *fill*         0x0000000008008136        0x2 
 .text.list_new
                0x0000000008008138       0x84 ./protocole/src/list.o
                0x0000000008008138                list_new
 .text.list_insert
                0x00000000080081bc       0x50 ./protocole/src/list.o
                0x00000000080081bc                list_insert
 .text.list_search
                0x000000000800820c       0x4e ./protocole/src/list.o
                0x000000000800820c                list_search
 *fill*         0x000000000800825a        0x2 
 .text.list_remove
                0x000000000800825c       0x44 ./protocole/src/list.o
                0x000000000800825c                list_remove
 .text.list_push_back
                0x00000000080082a0       0x26 ./protocole/src/list.o
                0x00000000080082a0                list_push_back
 *fill*         0x00000000080082c6        0x2 
 .text.list_head
                0x00000000080082c8       0x50 ./protocole/src/list.o
                0x00000000080082c8                list_head
 .text.list_index
                0x0000000008008318       0x84 ./protocole/src/list.o
                0x0000000008008318                list_index
 .text.list_size
                0x000000000800839c       0x28 ./protocole/src/list.o
                0x000000000800839c                list_size
 .text.list_end
                0x00000000080083c4       0x28 ./protocole/src/list.o
                0x00000000080083c4                list_end
 .text.list_default_compare
                0x00000000080083ec       0x26 ./protocole/src/list.o
 *fill*         0x0000000008008412        0x2 
 .text.list_node_new
                0x0000000008008414       0x60 ./protocole/src/list.o
                0x0000000008008414                list_node_new
 .text.list_node_link
                0x0000000008008474       0x5c ./protocole/src/list.o
                0x0000000008008474                list_node_link
 .text.list_node_unlink
                0x00000000080084d0       0x3a ./protocole/src/list.o
                0x00000000080084d0                list_node_unlink
 .text.list_debug
                0x000000000800850a       0x12 ./protocole/src/list.o
 .text.find_packet_by_Id
                0x000000000800851c       0x2e ./protocole/src/ll.o
                0x000000000800851c                find_packet_by_Id
 .text.rx_find_by_id
                0x000000000800854a       0x2e ./protocole/src/ll.o
                0x000000000800854a                rx_find_by_id
 .text.ll_init  0x0000000008008578       0x5c ./protocole/src/ll.o
                0x0000000008008578                ll_init
 .text.ll_send_packet
                0x00000000080085d4       0x8c ./protocole/src/ll.o
 .text.ll_send_ASK
                0x0000000008008660       0x2e ./protocole/src/ll.o
                0x0000000008008660                ll_send_ASK
 .text.ll_send_NANK
                0x000000000800868e       0x2e ./protocole/src/ll.o
                0x000000000800868e                ll_send_NANK
 .text.ll_send_to
                0x00000000080086bc       0x3a ./protocole/src/ll.o
                0x00000000080086bc                ll_send_to
 *fill*         0x00000000080086f6        0x2 
 .text.get_tx_size
                0x00000000080086f8       0x18 ./protocole/src/ll.o
                0x00000000080086f8                get_tx_size
 .text.get_rx_size
                0x0000000008008710       0x18 ./protocole/src/ll.o
                0x0000000008008710                get_rx_size
 .text.ll_transmit
                0x0000000008008728      0x170 ./protocole/src/ll.o
                0x0000000008008728                ll_transmit
 .text.ll_receive
                0x0000000008008898       0xec ./protocole/src/ll.o
                0x0000000008008898                ll_receive
 .text.ll_process_received
                0x0000000008008984      0x1a4 ./protocole/src/ll.o
                0x0000000008008984                ll_process_received
 .text.ll_get_recv_from
                0x0000000008008b28       0xc8 ./protocole/src/ll.o
                0x0000000008008b28                ll_get_recv_from
 .text.ll_process
                0x0000000008008bf0       0x54 ./protocole/src/ll.o
                0x0000000008008bf0                ll_process
 .text.ll_debug_Rx_list
                0x0000000008008c44       0x4c ./protocole/src/ll.o
                0x0000000008008c44                ll_debug_Rx_list
 .text.ll_set_transmition_done
                0x0000000008008c90       0x18 ./protocole/src/ll.o
                0x0000000008008c90                ll_set_transmition_done
 .text.packet   0x0000000008008ca8       0x56 ./protocole/src/packet.o
                0x0000000008008ca8                packet
 .text.packet_set_src
                0x0000000008008cfe       0x1c ./protocole/src/packet.o
                0x0000000008008cfe                packet_set_src
 .text.packet_set_dest
                0x0000000008008d1a       0x1c ./protocole/src/packet.o
                0x0000000008008d1a                packet_set_dest
 .text.packet_set_type
                0x0000000008008d36       0x1c ./protocole/src/packet.o
                0x0000000008008d36                packet_set_type
 .text.packet_set_payload
                0x0000000008008d52       0x4c ./protocole/src/packet.o
                0x0000000008008d52                packet_set_payload
 .text.packet_set_id
                0x0000000008008d9e       0x1c ./protocole/src/packet.o
                0x0000000008008d9e                packet_set_id
 *fill*         0x0000000008008dba        0x2 
 .text.debug_packet
                0x0000000008008dbc       0xd8 ./protocole/src/packet.o
                0x0000000008008dbc                debug_packet
 .text.packet_serialize
                0x0000000008008e94       0xb8 ./protocole/src/packet.o
                0x0000000008008e94                packet_serialize
 .text.packet_desirialize
                0x0000000008008f4c       0xac ./protocole/src/packet.o
                0x0000000008008f4c                packet_desirialize
 .text.check_sum
                0x0000000008008ff8       0x92 ./protocole/src/packet.o
                0x0000000008008ff8                check_sum
 .text.packet_get_size
                0x000000000800908a       0x18 ./protocole/src/packet.o
                0x000000000800908a                packet_get_size
 .text.atof     0x00000000080090a2        0x6 c:/st/stm32cubeide_1.7.0/stm32cubeide/plugins/com.st.stm32cube.ide.mcu.externaltools.gnu-tools-for-stm32.9-2020-q2-update.win32_2.0.0.202105311346/tools/bin/../lib/gcc/arm-none-eabi/9.3.1/../../../../arm-none-eabi/lib/thumb/v7e-m/nofp\libc_nano.a(lib_a-atof.o)
                0x00000000080090a2                atof
 .text.atoi     0x00000000080090a8        0x8 c:/st/stm32cubeide_1.7.0/stm32cubeide/plugins/com.st.stm32cube.ide.mcu.externaltools.gnu-tools-for-stm32.9-2020-q2-update.win32_2.0.0.202105311346/tools/bin/../lib/gcc/arm-none-eabi/9.3.1/../../../../arm-none-eabi/lib/thumb/v7e-m/nofp\libc_nano.a(lib_a-atoi.o)
                0x00000000080090a8                atoi
 .text.__errno  0x00000000080090b0        0xc c:/st/stm32cubeide_1.7.0/stm32cubeide/plugins/com.st.stm32cube.ide.mcu.externaltools.gnu-tools-for-stm32.9-2020-q2-update.win32_2.0.0.202105311346/tools/bin/../lib/gcc/arm-none-eabi/9.3.1/../../../../arm-none-eabi/lib/thumb/v7e-m/nofp\libc_nano.a(lib_a-errno.o)
                0x00000000080090b0                __errno
 .text.__libc_init_array
                0x00000000080090bc       0x48 c:/st/stm32cubeide_1.7.0/stm32cubeide/plugins/com.st.stm32cube.ide.mcu.externaltools.gnu-tools-for-stm32.9-2020-q2-update.win32_2.0.0.202105311346/tools/bin/../lib/gcc/arm-none-eabi/9.3.1/../../../../arm-none-eabi/lib/thumb/v7e-m/nofp\libc_nano.a(lib_a-init.o)
                0x00000000080090bc                __libc_init_array
 .text.malloc   0x0000000008009104       0x10 c:/st/stm32cubeide_1.7.0/stm32cubeide/plugins/com.st.stm32cube.ide.mcu.externaltools.gnu-tools-for-stm32.9-2020-q2-update.win32_2.0.0.202105311346/tools/bin/../lib/gcc/arm-none-eabi/9.3.1/../../../../arm-none-eabi/lib/thumb/v7e-m/nofp\libc_nano.a(lib_a-malloc.o)
                0x0000000008009104                malloc
 .text.free     0x0000000008009114       0x10 c:/st/stm32cubeide_1.7.0/stm32cubeide/plugins/com.st.stm32cube.ide.mcu.externaltools.gnu-tools-for-stm32.9-2020-q2-update.win32_2.0.0.202105311346/tools/bin/../lib/gcc/arm-none-eabi/9.3.1/../../../../arm-none-eabi/lib/thumb/v7e-m/nofp\libc_nano.a(lib_a-malloc.o)
                0x0000000008009114                free
 .text.memcpy   0x0000000008009124       0x1c c:/st/stm32cubeide_1.7.0/stm32cubeide/plugins/com.st.stm32cube.ide.mcu.externaltools.gnu-tools-for-stm32.9-2020-q2-update.win32_2.0.0.202105311346/tools/bin/../lib/gcc/arm-none-eabi/9.3.1/../../../../arm-none-eabi/lib/thumb/v7e-m/nofp\libc_nano.a(lib_a-memcpy-stub.o)
                0x0000000008009124                memcpy
 .text.memset   0x0000000008009140       0x10 c:/st/stm32cubeide_1.7.0/stm32cubeide/plugins/com.st.stm32cube.ide.mcu.externaltools.gnu-tools-for-stm32.9-2020-q2-update.win32_2.0.0.202105311346/tools/bin/../lib/gcc/arm-none-eabi/9.3.1/../../../../arm-none-eabi/lib/thumb/v7e-m/nofp\libc_nano.a(lib_a-memset.o)
                0x0000000008009140                memset
 .text._free_r  0x0000000008009150       0x9c c:/st/stm32cubeide_1.7.0/stm32cubeide/plugins/com.st.stm32cube.ide.mcu.externaltools.gnu-tools-for-stm32.9-2020-q2-update.win32_2.0.0.202105311346/tools/bin/../lib/gcc/arm-none-eabi/9.3.1/../../../../arm-none-eabi/lib/thumb/v7e-m/nofp\libc_nano.a(lib_a-nano-freer.o)
                0x0000000008009150                _free_r
 .text._malloc_r
                0x00000000080091ec       0xb4 c:/st/stm32cubeide_1.7.0/stm32cubeide/plugins/com.st.stm32cube.ide.mcu.externaltools.gnu-tools-for-stm32.9-2020-q2-update.win32_2.0.0.202105311346/tools/bin/../lib/gcc/arm-none-eabi/9.3.1/../../../../arm-none-eabi/lib/thumb/v7e-m/nofp\libc_nano.a(lib_a-nano-mallocr.o)
                0x00000000080091ec                _malloc_r
 .text.__cvt    0x00000000080092a0       0xc0 c:/st/stm32cubeide_1.7.0/stm32cubeide/plugins/com.st.stm32cube.ide.mcu.externaltools.gnu-tools-for-stm32.9-2020-q2-update.win32_2.0.0.202105311346/tools/bin/../lib/gcc/arm-none-eabi/9.3.1/../../../../arm-none-eabi/lib/thumb/v7e-m/nofp\libc_nano.a(lib_a-nano-vfprintf_float.o)
                0x00000000080092a0                __cvt
 .text.__exponent
                0x0000000008009360       0x7c c:/st/stm32cubeide_1.7.0/stm32cubeide/plugins/com.st.stm32cube.ide.mcu.externaltools.gnu-tools-for-stm32.9-2020-q2-update.win32_2.0.0.202105311346/tools/bin/../lib/gcc/arm-none-eabi/9.3.1/../../../../arm-none-eabi/lib/thumb/v7e-m/nofp\libc_nano.a(lib_a-nano-vfprintf_float.o)
                0x0000000008009360                __exponent
 .text._printf_float
                0x00000000080093dc      0x454 c:/st/stm32cubeide_1.7.0/stm32cubeide/plugins/com.st.stm32cube.ide.mcu.externaltools.gnu-tools-for-stm32.9-2020-q2-update.win32_2.0.0.202105311346/tools/bin/../lib/gcc/arm-none-eabi/9.3.1/../../../../arm-none-eabi/lib/thumb/v7e-m/nofp\libc_nano.a(lib_a-nano-vfprintf_float.o)
                0x00000000080093dc                _printf_float
 .text._printf_common
                0x0000000008009830       0xda c:/st/stm32cubeide_1.7.0/stm32cubeide/plugins/com.st.stm32cube.ide.mcu.externaltools.gnu-tools-for-stm32.9-2020-q2-update.win32_2.0.0.202105311346/tools/bin/../lib/gcc/arm-none-eabi/9.3.1/../../../../arm-none-eabi/lib/thumb/v7e-m/nofp\libc_nano.a(lib_a-nano-vfprintf_i.o)
                0x0000000008009830                _printf_common
 *fill*         0x000000000800990a        0x2 
 .text._printf_i
                0x000000000800990c      0x24c c:/st/stm32cubeide_1.7.0/stm32cubeide/plugins/com.st.stm32cube.ide.mcu.externaltools.gnu-tools-for-stm32.9-2020-q2-update.win32_2.0.0.202105311346/tools/bin/../lib/gcc/arm-none-eabi/9.3.1/../../../../arm-none-eabi/lib/thumb/v7e-m/nofp\libc_nano.a(lib_a-nano-vfprintf_i.o)
                0x000000000800990c                _printf_i
 .text._perror_r
                0x0000000008009b58      0x134 c:/st/stm32cubeide_1.7.0/stm32cubeide/plugins/com.st.stm32cube.ide.mcu.externaltools.gnu-tools-for-stm32.9-2020-q2-update.win32_2.0.0.202105311346/tools/bin/../lib/gcc/arm-none-eabi/9.3.1/../../../../arm-none-eabi/lib/thumb/v7e-m/nofp\libc_nano.a(lib_a-perror.o)
                0x0000000008009b58                _perror_r
 .text.perror   0x0000000008009c8c       0x10 c:/st/stm32cubeide_1.7.0/stm32cubeide/plugins/com.st.stm32cube.ide.mcu.externaltools.gnu-tools-for-stm32.9-2020-q2-update.win32_2.0.0.202105311346/tools/bin/../lib/gcc/arm-none-eabi/9.3.1/../../../../arm-none-eabi/lib/thumb/v7e-m/nofp\libc_nano.a(lib_a-perror.o)
                0x0000000008009c8c                perror
 .text.printf   0x0000000008009c9c       0x30 c:/st/stm32cubeide_1.7.0/stm32cubeide/plugins/com.st.stm32cube.ide.mcu.externaltools.gnu-tools-for-stm32.9-2020-q2-update.win32_2.0.0.202105311346/tools/bin/../lib/gcc/arm-none-eabi/9.3.1/../../../../arm-none-eabi/lib/thumb/v7e-m/nofp\libc_nano.a(lib_a-printf.o)
                0x0000000008009c9c                iprintf
                0x0000000008009c9c                printf
 .text.putchar  0x0000000008009ccc       0x28 c:/st/stm32cubeide_1.7.0/stm32cubeide/plugins/com.st.stm32cube.ide.mcu.externaltools.gnu-tools-for-stm32.9-2020-q2-update.win32_2.0.0.202105311346/tools/bin/../lib/gcc/arm-none-eabi/9.3.1/../../../../arm-none-eabi/lib/thumb/v7e-m/nofp\libc_nano.a(lib_a-putchar.o)
                0x0000000008009ccc                putchar
 .text._puts_r  0x0000000008009cf4       0xdc c:/st/stm32cubeide_1.7.0/stm32cubeide/plugins/com.st.stm32cube.ide.mcu.externaltools.gnu-tools-for-stm32.9-2020-q2-update.win32_2.0.0.202105311346/tools/bin/../lib/gcc/arm-none-eabi/9.3.1/../../../../arm-none-eabi/lib/thumb/v7e-m/nofp\libc_nano.a(lib_a-puts.o)
                0x0000000008009cf4                _puts_r
 .text.puts     0x0000000008009dd0       0x10 c:/st/stm32cubeide_1.7.0/stm32cubeide/plugins/com.st.stm32cube.ide.mcu.externaltools.gnu-tools-for-stm32.9-2020-q2-update.win32_2.0.0.202105311346/tools/bin/../lib/gcc/arm-none-eabi/9.3.1/../../../../arm-none-eabi/lib/thumb/v7e-m/nofp\libc_nano.a(lib_a-puts.o)
                0x0000000008009dd0                puts
 .text._sbrk_r  0x0000000008009de0       0x20 c:/st/stm32cubeide_1.7.0/stm32cubeide/plugins/com.st.stm32cube.ide.mcu.externaltools.gnu-tools-for-stm32.9-2020-q2-update.win32_2.0.0.202105311346/tools/bin/../lib/gcc/arm-none-eabi/9.3.1/../../../../arm-none-eabi/lib/thumb/v7e-m/nofp\libc_nano.a(lib_a-sbrkr.o)
                0x0000000008009de0                _sbrk_r
 .text.sprintf  0x0000000008009e00       0x40 c:/st/stm32cubeide_1.7.0/stm32cubeide/plugins/com.st.stm32cube.ide.mcu.externaltools.gnu-tools-for-stm32.9-2020-q2-update.win32_2.0.0.202105311346/tools/bin/../lib/gcc/arm-none-eabi/9.3.1/../../../../arm-none-eabi/lib/thumb/v7e-m/nofp\libc_nano.a(lib_a-sprintf.o)
                0x0000000008009e00                siprintf
                0x0000000008009e00                sprintf
 .text._strerror_r
                0x0000000008009e40      0x3cc c:/st/stm32cubeide_1.7.0/stm32cubeide/plugins/com.st.stm32cube.ide.mcu.externaltools.gnu-tools-for-stm32.9-2020-q2-update.win32_2.0.0.202105311346/tools/bin/../lib/gcc/arm-none-eabi/9.3.1/../../../../arm-none-eabi/lib/thumb/v7e-m/nofp\libc_nano.a(lib_a-strerror.o)
                0x0000000008009e40                _strerror_r
 .text.strstr   0x000000000800a20c       0x2e c:/st/stm32cubeide_1.7.0/stm32cubeide/plugins/com.st.stm32cube.ide.mcu.externaltools.gnu-tools-for-stm32.9-2020-q2-update.win32_2.0.0.202105311346/tools/bin/../lib/gcc/arm-none-eabi/9.3.1/../../../../arm-none-eabi/lib/thumb/v7e-m/nofp\libc_nano.a(lib_a-strstr.o)
                0x000000000800a20c                strstr
 .text.sulp     0x000000000800a23a       0x42 c:/st/stm32cubeide_1.7.0/stm32cubeide/plugins/com.st.stm32cube.ide.mcu.externaltools.gnu-tools-for-stm32.9-2020-q2-update.win32_2.0.0.202105311346/tools/bin/../lib/gcc/arm-none-eabi/9.3.1/../../../../arm-none-eabi/lib/thumb/v7e-m/nofp\libc_nano.a(lib_a-strtod.o)
 *fill*         0x000000000800a27c        0x4 
 .text._strtod_l
                0x000000000800a280      0xbe8 c:/st/stm32cubeide_1.7.0/stm32cubeide/plugins/com.st.stm32cube.ide.mcu.externaltools.gnu-tools-for-stm32.9-2020-q2-update.win32_2.0.0.202105311346/tools/bin/../lib/gcc/arm-none-eabi/9.3.1/../../../../arm-none-eabi/lib/thumb/v7e-m/nofp\libc_nano.a(lib_a-strtod.o)
                0x000000000800a280                _strtod_l
 .text.strtod   0x000000000800ae68       0x18 c:/st/stm32cubeide_1.7.0/stm32cubeide/plugins/com.st.stm32cube.ide.mcu.externaltools.gnu-tools-for-stm32.9-2020-q2-update.win32_2.0.0.202105311346/tools/bin/../lib/gcc/arm-none-eabi/9.3.1/../../../../arm-none-eabi/lib/thumb/v7e-m/nofp\libc_nano.a(lib_a-strtod.o)
                0x000000000800ae68                strtod
 .text._strtol_l.isra.0
                0x000000000800ae80      0x10c c:/st/stm32cubeide_1.7.0/stm32cubeide/plugins/com.st.stm32cube.ide.mcu.externaltools.gnu-tools-for-stm32.9-2020-q2-update.win32_2.0.0.202105311346/tools/bin/../lib/gcc/arm-none-eabi/9.3.1/../../../../arm-none-eabi/lib/thumb/v7e-m/nofp\libc_nano.a(lib_a-strtol.o)
 .text.strtol   0x000000000800af8c       0x14 c:/st/stm32cubeide_1.7.0/stm32cubeide/plugins/com.st.stm32cube.ide.mcu.externaltools.gnu-tools-for-stm32.9-2020-q2-update.win32_2.0.0.202105311346/tools/bin/../lib/gcc/arm-none-eabi/9.3.1/../../../../arm-none-eabi/lib/thumb/v7e-m/nofp\libc_nano.a(lib_a-strtol.o)
                0x000000000800af8c                strtol
 .text._user_strerror
                0x000000000800afa0        0x4 c:/st/stm32cubeide_1.7.0/stm32cubeide/plugins/com.st.stm32cube.ide.mcu.externaltools.gnu-tools-for-stm32.9-2020-q2-update.win32_2.0.0.202105311346/tools/bin/../lib/gcc/arm-none-eabi/9.3.1/../../../../arm-none-eabi/lib/thumb/v7e-m/nofp\libc_nano.a(lib_a-u_strerr.o)
                0x000000000800afa0                _user_strerror
 .text.__swbuf_r
                0x000000000800afa4       0xa4 c:/st/stm32cubeide_1.7.0/stm32cubeide/plugins/com.st.stm32cube.ide.mcu.externaltools.gnu-tools-for-stm32.9-2020-q2-update.win32_2.0.0.202105311346/tools/bin/../lib/gcc/arm-none-eabi/9.3.1/../../../../arm-none-eabi/lib/thumb/v7e-m/nofp\libc_nano.a(lib_a-wbuf.o)
                0x000000000800afa4                __swbuf_r
 .text._write_r
                0x000000000800b048       0x24 c:/st/stm32cubeide_1.7.0/stm32cubeide/plugins/com.st.stm32cube.ide.mcu.externaltools.gnu-tools-for-stm32.9-2020-q2-update.win32_2.0.0.202105311346/tools/bin/../lib/gcc/arm-none-eabi/9.3.1/../../../../arm-none-eabi/lib/thumb/v7e-m/nofp\libc_nano.a(lib_a-writer.o)
                0x000000000800b048                _write_r
 .text.__swsetup_r
                0x000000000800b06c       0xdc c:/st/stm32cubeide_1.7.0/stm32cubeide/plugins/com.st.stm32cube.ide.mcu.externaltools.gnu-tools-for-stm32.9-2020-q2-update.win32_2.0.0.202105311346/tools/bin/../lib/gcc/arm-none-eabi/9.3.1/../../../../arm-none-eabi/lib/thumb/v7e-m/nofp\libc_nano.a(lib_a-wsetup.o)
                0x000000000800b06c                __swsetup_r
 .text.quorem   0x000000000800b148      0x116 c:/st/stm32cubeide_1.7.0/stm32cubeide/plugins/com.st.stm32cube.ide.mcu.externaltools.gnu-tools-for-stm32.9-2020-q2-update.win32_2.0.0.202105311346/tools/bin/../lib/gcc/arm-none-eabi/9.3.1/../../../../arm-none-eabi/lib/thumb/v7e-m/nofp\libc_nano.a(lib_a-dtoa.o)
 *fill*         0x000000000800b25e        0x2 
 .text._dtoa_r  0x000000000800b260      0xbdc c:/st/stm32cubeide_1.7.0/stm32cubeide/plugins/com.st.stm32cube.ide.mcu.externaltools.gnu-tools-for-stm32.9-2020-q2-update.win32_2.0.0.202105311346/tools/bin/../lib/gcc/arm-none-eabi/9.3.1/../../../../arm-none-eabi/lib/thumb/v7e-m/nofp\libc_nano.a(lib_a-dtoa.o)
                0x000000000800b260                _dtoa_r
 .text.__sflush_r
                0x000000000800be3c      0x10c c:/st/stm32cubeide_1.7.0/stm32cubeide/plugins/com.st.stm32cube.ide.mcu.externaltools.gnu-tools-for-stm32.9-2020-q2-update.win32_2.0.0.202105311346/tools/bin/../lib/gcc/arm-none-eabi/9.3.1/../../../../arm-none-eabi/lib/thumb/v7e-m/nofp\libc_nano.a(lib_a-fflush.o)
                0x000000000800be3c                __sflush_r
 .text._fflush_r
                0x000000000800bf48       0x78 c:/st/stm32cubeide_1.7.0/stm32cubeide/plugins/com.st.stm32cube.ide.mcu.externaltools.gnu-tools-for-stm32.9-2020-q2-update.win32_2.0.0.202105311346/tools/bin/../lib/gcc/arm-none-eabi/9.3.1/../../../../arm-none-eabi/lib/thumb/v7e-m/nofp\libc_nano.a(lib_a-fflush.o)
                0x000000000800bf48                _fflush_r
 .text.fileno   0x000000000800bfc0       0x7c c:/st/stm32cubeide_1.7.0/stm32cubeide/plugins/com.st.stm32cube.ide.mcu.externaltools.gnu-tools-for-stm32.9-2020-q2-update.win32_2.0.0.202105311346/tools/bin/../lib/gcc/arm-none-eabi/9.3.1/../../../../arm-none-eabi/lib/thumb/v7e-m/nofp\libc_nano.a(lib_a-fileno.o)
                0x000000000800bfc0                fileno
 .text.std      0x000000000800c03c       0x48 c:/st/stm32cubeide_1.7.0/stm32cubeide/plugins/com.st.stm32cube.ide.mcu.externaltools.gnu-tools-for-stm32.9-2020-q2-update.win32_2.0.0.202105311346/tools/bin/../lib/gcc/arm-none-eabi/9.3.1/../../../../arm-none-eabi/lib/thumb/v7e-m/nofp\libc_nano.a(lib_a-findfp.o)
 .text._cleanup_r
                0x000000000800c084        0xc c:/st/stm32cubeide_1.7.0/stm32cubeide/plugins/com.st.stm32cube.ide.mcu.externaltools.gnu-tools-for-stm32.9-2020-q2-update.win32_2.0.0.202105311346/tools/bin/../lib/gcc/arm-none-eabi/9.3.1/../../../../arm-none-eabi/lib/thumb/v7e-m/nofp\libc_nano.a(lib_a-findfp.o)
                0x000000000800c084                _cleanup_r
 .text.__sfmoreglue
                0x000000000800c090       0x2c c:/st/stm32cubeide_1.7.0/stm32cubeide/plugins/com.st.stm32cube.ide.mcu.externaltools.gnu-tools-for-stm32.9-2020-q2-update.win32_2.0.0.202105311346/tools/bin/../lib/gcc/arm-none-eabi/9.3.1/../../../../arm-none-eabi/lib/thumb/v7e-m/nofp\libc_nano.a(lib_a-findfp.o)
                0x000000000800c090                __sfmoreglue
 .text.__sfp_lock_acquire
                0x000000000800c0bc        0xc c:/st/stm32cubeide_1.7.0/stm32cubeide/plugins/com.st.stm32cube.ide.mcu.externaltools.gnu-tools-for-stm32.9-2020-q2-update.win32_2.0.0.202105311346/tools/bin/../lib/gcc/arm-none-eabi/9.3.1/../../../../arm-none-eabi/lib/thumb/v7e-m/nofp\libc_nano.a(lib_a-findfp.o)
                0x000000000800c0bc                __sfp_lock_acquire
 .text.__sfp_lock_release
                0x000000000800c0c8        0xc c:/st/stm32cubeide_1.7.0/stm32cubeide/plugins/com.st.stm32cube.ide.mcu.externaltools.gnu-tools-for-stm32.9-2020-q2-update.win32_2.0.0.202105311346/tools/bin/../lib/gcc/arm-none-eabi/9.3.1/../../../../arm-none-eabi/lib/thumb/v7e-m/nofp\libc_nano.a(lib_a-findfp.o)
                0x000000000800c0c8                __sfp_lock_release
 .text.__sinit_lock_acquire
                0x000000000800c0d4        0xc c:/st/stm32cubeide_1.7.0/stm32cubeide/plugins/com.st.stm32cube.ide.mcu.externaltools.gnu-tools-for-stm32.9-2020-q2-update.win32_2.0.0.202105311346/tools/bin/../lib/gcc/arm-none-eabi/9.3.1/../../../../arm-none-eabi/lib/thumb/v7e-m/nofp\libc_nano.a(lib_a-findfp.o)
                0x000000000800c0d4                __sinit_lock_acquire
 .text.__sinit_lock_release
                0x000000000800c0e0        0xc c:/st/stm32cubeide_1.7.0/stm32cubeide/plugins/com.st.stm32cube.ide.mcu.externaltools.gnu-tools-for-stm32.9-2020-q2-update.win32_2.0.0.202105311346/tools/bin/../lib/gcc/arm-none-eabi/9.3.1/../../../../arm-none-eabi/lib/thumb/v7e-m/nofp\libc_nano.a(lib_a-findfp.o)
                0x000000000800c0e0                __sinit_lock_release
 .text.__sinit  0x000000000800c0ec       0x70 c:/st/stm32cubeide_1.7.0/stm32cubeide/plugins/com.st.stm32cube.ide.mcu.externaltools.gnu-tools-for-stm32.9-2020-q2-update.win32_2.0.0.202105311346/tools/bin/../lib/gcc/arm-none-eabi/9.3.1/../../../../arm-none-eabi/lib/thumb/v7e-m/nofp\libc_nano.a(lib_a-findfp.o)
                0x000000000800c0ec                __sinit
 .text.__sfp    0x000000000800c15c       0x8c c:/st/stm32cubeide_1.7.0/stm32cubeide/plugins/com.st.stm32cube.ide.mcu.externaltools.gnu-tools-for-stm32.9-2020-q2-update.win32_2.0.0.202105311346/tools/bin/../lib/gcc/arm-none-eabi/9.3.1/../../../../arm-none-eabi/lib/thumb/v7e-m/nofp\libc_nano.a(lib_a-findfp.o)
                0x000000000800c15c                __sfp
 .text._fwalk_reent
                0x000000000800c1e8       0x3e c:/st/stm32cubeide_1.7.0/stm32cubeide/plugins/com.st.stm32cube.ide.mcu.externaltools.gnu-tools-for-stm32.9-2020-q2-update.win32_2.0.0.202105311346/tools/bin/../lib/gcc/arm-none-eabi/9.3.1/../../../../arm-none-eabi/lib/thumb/v7e-m/nofp\libc_nano.a(lib_a-fwalk.o)
                0x000000000800c1e8                _fwalk_reent
 .text.rshift   0x000000000800c226       0xa4 c:/st/stm32cubeide_1.7.0/stm32cubeide/plugins/com.st.stm32cube.ide.mcu.externaltools.gnu-tools-for-stm32.9-2020-q2-update.win32_2.0.0.202105311346/tools/bin/../lib/gcc/arm-none-eabi/9.3.1/../../../../arm-none-eabi/lib/thumb/v7e-m/nofp\libc_nano.a(lib_a-gdtoa-gethex.o)
 .text.__hexdig_fun
                0x000000000800c2ca       0x2a c:/st/stm32cubeide_1.7.0/stm32cubeide/plugins/com.st.stm32cube.ide.mcu.externaltools.gnu-tools-for-stm32.9-2020-q2-update.win32_2.0.0.202105311346/tools/bin/../lib/gcc/arm-none-eabi/9.3.1/../../../../arm-none-eabi/lib/thumb/v7e-m/nofp\libc_nano.a(lib_a-gdtoa-gethex.o)
                0x000000000800c2ca                __hexdig_fun
 .text.__gethex
                0x000000000800c2f4      0x474 c:/st/stm32cubeide_1.7.0/stm32cubeide/plugins/com.st.stm32cube.ide.mcu.externaltools.gnu-tools-for-stm32.9-2020-q2-update.win32_2.0.0.202105311346/tools/bin/../lib/gcc/arm-none-eabi/9.3.1/../../../../arm-none-eabi/lib/thumb/v7e-m/nofp\libc_nano.a(lib_a-gdtoa-gethex.o)
                0x000000000800c2f4                __gethex
 .text.L_shift  0x000000000800c768       0x24 c:/st/stm32cubeide_1.7.0/stm32cubeide/plugins/com.st.stm32cube.ide.mcu.externaltools.gnu-tools-for-stm32.9-2020-q2-update.win32_2.0.0.202105311346/tools/bin/../lib/gcc/arm-none-eabi/9.3.1/../../../../arm-none-eabi/lib/thumb/v7e-m/nofp\libc_nano.a(lib_a-gdtoa-hexnan.o)
 .text.__match  0x000000000800c78c       0x28 c:/st/stm32cubeide_1.7.0/stm32cubeide/plugins/com.st.stm32cube.ide.mcu.externaltools.gnu-tools-for-stm32.9-2020-q2-update.win32_2.0.0.202105311346/tools/bin/../lib/gcc/arm-none-eabi/9.3.1/../../../../arm-none-eabi/lib/thumb/v7e-m/nofp\libc_nano.a(lib_a-gdtoa-hexnan.o)
                0x000000000800c78c                __match
 .text.__hexnan
                0x000000000800c7b4      0x138 c:/st/stm32cubeide_1.7.0/stm32cubeide/plugins/com.st.stm32cube.ide.mcu.externaltools.gnu-tools-for-stm32.9-2020-q2-update.win32_2.0.0.202105311346/tools/bin/../lib/gcc/arm-none-eabi/9.3.1/../../../../arm-none-eabi/lib/thumb/v7e-m/nofp\libc_nano.a(lib_a-gdtoa-hexnan.o)
                0x000000000800c7b4                __hexnan
 .text._localeconv_r
                0x000000000800c8ec        0x8 c:/st/stm32cubeide_1.7.0/stm32cubeide/plugins/com.st.stm32cube.ide.mcu.externaltools.gnu-tools-for-stm32.9-2020-q2-update.win32_2.0.0.202105311346/tools/bin/../lib/gcc/arm-none-eabi/9.3.1/../../../../arm-none-eabi/lib/thumb/v7e-m/nofp\libc_nano.a(lib_a-localeconv.o)
                0x000000000800c8ec                _localeconv_r
 .text.__retarget_lock_init_recursive
                0x000000000800c8f4        0x2 c:/st/stm32cubeide_1.7.0/stm32cubeide/plugins/com.st.stm32cube.ide.mcu.externaltools.gnu-tools-for-stm32.9-2020-q2-update.win32_2.0.0.202105311346/tools/bin/../lib/gcc/arm-none-eabi/9.3.1/../../../../arm-none-eabi/lib/thumb/v7e-m/nofp\libc_nano.a(lib_a-lock.o)
                0x000000000800c8f4                __retarget_lock_init_recursive
 .text.__retarget_lock_acquire_recursive
                0x000000000800c8f6        0x2 c:/st/stm32cubeide_1.7.0/stm32cubeide/plugins/com.st.stm32cube.ide.mcu.externaltools.gnu-tools-for-stm32.9-2020-q2-update.win32_2.0.0.202105311346/tools/bin/../lib/gcc/arm-none-eabi/9.3.1/../../../../arm-none-eabi/lib/thumb/v7e-m/nofp\libc_nano.a(lib_a-lock.o)
                0x000000000800c8f6                __retarget_lock_acquire_recursive
 .text.__retarget_lock_release_recursive
                0x000000000800c8f8        0x2 c:/st/stm32cubeide_1.7.0/stm32cubeide/plugins/com.st.stm32cube.ide.mcu.externaltools.gnu-tools-for-stm32.9-2020-q2-update.win32_2.0.0.202105311346/tools/bin/../lib/gcc/arm-none-eabi/9.3.1/../../../../arm-none-eabi/lib/thumb/v7e-m/nofp\libc_nano.a(lib_a-lock.o)
                0x000000000800c8f8                __retarget_lock_release_recursive
 .text.__swhatbuf_r