core_cm4.h:1679:22:__NVIC_EnableIRQ	16	static,ignoring_inline_asm
core_cm4.h:1717:22:__NVIC_DisableIRQ	16	static,ignoring_inline_asm
core_cm4.h:1809:22:__NVIC_SetPriority	16	static
stm32wlxx_ll_rcc.h:1258:22:LL_RCC_LSE_SetDriveCapability	16	static
stm32wlxx_ll_bus.h:449:22:LL_AHB2_GRP1_EnableClock	24	static
main.c:75:5:main	208	static
main.c:290:5:parse_commande	48	static
main.c:393:6:SystemClock_Config	112	static
main.c:441:13:MX_USART1_UART_Init	8	static
main.c:484:13:MX_GPIO_Init	8	static
main.c:540:6:Error_Handler	4	static,ignoring_inline_asm
main.c:551:6:sys_disable_exti_irq	8	static
main.c:556:6:sys_enable_exti_irq	8	static
main.c:561:13:sys_delay	16	static
main.c:566:13:sys_get_tick	8	static
main.c:571:13:sys_random	8	static
main.c:576:5:__io_getchar	16	static
main.c:583:5:__io_putchar	16	static
